Archive member included to satisfy reference by file (symbol)

c:/program files (x86)/atmel/studio/7.0/toolchain/avr8/avr8-gnu-toolchain/bin/../lib/gcc/avr/5.4.0/../../../../avr/lib/avr5\libm.a(addsf3.o)
                              main.o (__subsf3)
c:/program files (x86)/atmel/studio/7.0/toolchain/avr8/avr8-gnu-toolchain/bin/../lib/gcc/avr/5.4.0/../../../../avr/lib/avr5\libm.a(addsf3x.o)
                              c:/program files (x86)/atmel/studio/7.0/toolchain/avr8/avr8-gnu-toolchain/bin/../lib/gcc/avr/5.4.0/../../../../avr/lib/avr5\libm.a(addsf3.o) (__addsf3x)
c:/program files (x86)/atmel/studio/7.0/toolchain/avr8/avr8-gnu-toolchain/bin/../lib/gcc/avr/5.4.0/../../../../avr/lib/avr5\libm.a(cmpsf2.o)
                              ml/source/ml/linreg/linreg.o (__ltsf2)
c:/program files (x86)/atmel/studio/7.0/toolchain/avr8/avr8-gnu-toolchain/bin/../lib/gcc/avr/5.4.0/../../../../avr/lib/avr5\libm.a(divsf3.o)
                              driver/atmega328p/source/adc.o (__divsf3)
c:/program files (x86)/atmel/studio/7.0/toolchain/avr8/avr8-gnu-toolchain/bin/../lib/gcc/avr/5.4.0/../../../../avr/lib/avr5\libm.a(divsf3x.o)
                              c:/program files (x86)/atmel/studio/7.0/toolchain/avr8/avr8-gnu-toolchain/bin/../lib/gcc/avr/5.4.0/../../../../avr/lib/avr5\libm.a(divsf3.o) (__divsf3x)
c:/program files (x86)/atmel/studio/7.0/toolchain/avr8/avr8-gnu-toolchain/bin/../lib/gcc/avr/5.4.0/../../../../avr/lib/avr5\libm.a(fixsfsi.o)
                              main.o (__fixsfsi)
c:/program files (x86)/atmel/studio/7.0/toolchain/avr8/avr8-gnu-toolchain/bin/../lib/gcc/avr/5.4.0/../../../../avr/lib/avr5\libm.a(fixunssfsi.o)
                              driver/atmega328p/source/timer.o (__fixunssfsi)
c:/program files (x86)/atmel/studio/7.0/toolchain/avr8/avr8-gnu-toolchain/bin/../lib/gcc/avr/5.4.0/../../../../avr/lib/avr5\libm.a(floatsisf.o)
                              driver/atmega328p/source/adc.o (__floatunsisf)
c:/program files (x86)/atmel/studio/7.0/toolchain/avr8/avr8-gnu-toolchain/bin/../lib/gcc/avr/5.4.0/../../../../avr/lib/avr5\libm.a(fp_cmp.o)
                              c:/program files (x86)/atmel/studio/7.0/toolchain/avr8/avr8-gnu-toolchain/bin/../lib/gcc/avr/5.4.0/../../../../avr/lib/avr5\libm.a(cmpsf2.o) (__fp_cmp)
c:/program files (x86)/atmel/studio/7.0/toolchain/avr8/avr8-gnu-toolchain/bin/../lib/gcc/avr/5.4.0/../../../../avr/lib/avr5\libm.a(fp_inf.o)
                              c:/program files (x86)/atmel/studio/7.0/toolchain/avr8/avr8-gnu-toolchain/bin/../lib/gcc/avr/5.4.0/../../../../avr/lib/avr5\libm.a(addsf3x.o) (__fp_inf)
c:/program files (x86)/atmel/studio/7.0/toolchain/avr8/avr8-gnu-toolchain/bin/../lib/gcc/avr/5.4.0/../../../../avr/lib/avr5\libm.a(fp_nan.o)
                              c:/program files (x86)/atmel/studio/7.0/toolchain/avr8/avr8-gnu-toolchain/bin/../lib/gcc/avr/5.4.0/../../../../avr/lib/avr5\libm.a(addsf3x.o) (__fp_nan)
c:/program files (x86)/atmel/studio/7.0/toolchain/avr8/avr8-gnu-toolchain/bin/../lib/gcc/avr/5.4.0/../../../../avr/lib/avr5\libm.a(fp_pscA.o)
                              c:/program files (x86)/atmel/studio/7.0/toolchain/avr8/avr8-gnu-toolchain/bin/../lib/gcc/avr/5.4.0/../../../../avr/lib/avr5\libm.a(addsf3x.o) (__fp_pscA)
c:/program files (x86)/atmel/studio/7.0/toolchain/avr8/avr8-gnu-toolchain/bin/../lib/gcc/avr/5.4.0/../../../../avr/lib/avr5\libm.a(fp_pscB.o)
                              c:/program files (x86)/atmel/studio/7.0/toolchain/avr8/avr8-gnu-toolchain/bin/../lib/gcc/avr/5.4.0/../../../../avr/lib/avr5\libm.a(addsf3x.o) (__fp_pscB)
c:/program files (x86)/atmel/studio/7.0/toolchain/avr8/avr8-gnu-toolchain/bin/../lib/gcc/avr/5.4.0/../../../../avr/lib/avr5\libm.a(fp_round.o)
                              c:/program files (x86)/atmel/studio/7.0/toolchain/avr8/avr8-gnu-toolchain/bin/../lib/gcc/avr/5.4.0/../../../../avr/lib/avr5\libm.a(addsf3.o) (__fp_round)
c:/program files (x86)/atmel/studio/7.0/toolchain/avr8/avr8-gnu-toolchain/bin/../lib/gcc/avr/5.4.0/../../../../avr/lib/avr5\libm.a(fp_split3.o)
                              c:/program files (x86)/atmel/studio/7.0/toolchain/avr8/avr8-gnu-toolchain/bin/../lib/gcc/avr/5.4.0/../../../../avr/lib/avr5\libm.a(addsf3x.o) (__fp_split3)
c:/program files (x86)/atmel/studio/7.0/toolchain/avr8/avr8-gnu-toolchain/bin/../lib/gcc/avr/5.4.0/../../../../avr/lib/avr5\libm.a(fp_zero.o)
                              c:/program files (x86)/atmel/studio/7.0/toolchain/avr8/avr8-gnu-toolchain/bin/../lib/gcc/avr/5.4.0/../../../../avr/lib/avr5\libm.a(addsf3x.o) (__fp_zero)
c:/program files (x86)/atmel/studio/7.0/toolchain/avr8/avr8-gnu-toolchain/bin/../lib/gcc/avr/5.4.0/../../../../avr/lib/avr5\libm.a(gesf2.o)
                              main.o (__gesf2)
c:/program files (x86)/atmel/studio/7.0/toolchain/avr8/avr8-gnu-toolchain/bin/../lib/gcc/avr/5.4.0/../../../../avr/lib/avr5\libm.a(mulsf3.o)
                              driver/atmega328p/source/adc.o (__mulsf3)
[...]
Memory Configuration

Name             Origin             Length             Attributes
text             0x00000000         0x00008000         xr
data             0x00800100         0x00000800         rw !x
eeprom           0x00810000         0x00000400         rw !x
fuse             0x00820000         0x00000003         rw !x
lock             0x00830000         0x00000400         rw !x
signature        0x00840000         0x00000400         rw !x
user_signatures  0x00850000         0x00000400         rw !x
*default*        0x00000000         0xffffffff

Linker script and memory map

Address of section .data set to 0x800100
LOAD C:/Program Files (x86)/Atmel/Studio/7.0/Packs/atmel/ATmega_DFP/1.7.374/gcc/dev/atmega328p/avr5/crtatmega328p.o
LOAD driver/atmega328p/source/adc.o
LOAD driver/atmega328p/source/eeprom.o
LOAD driver/atmega328p/source/gpio.o
LOAD driver/atmega328p/source/serial.o
LOAD driver/atmega328p/source/timer.o
LOAD driver/atmega328p/source/watchdog.o
LOAD main.o
LOAD ml/source/ml/linreg/linreg.o
LOAD target/source/system.o
LOAD utils/source/utils.o
START GROUP
LOAD c:/program files (x86)/atmel/studio/7.0/toolchain/avr8/avr8-gnu-toolchain/bin/../lib/gcc/avr/5.4.0/../../../../avr/lib/avr5\libm.a
END GROUP
LOAD c:/program files (x86)/atmel/studio/7.0/toolchain/avr8/avr8-gnu-toolchain/bin/../lib/gcc/avr/5.4.0/avr5\libgcc.a
LOAD c:/program files (x86)/atmel/studio/7.0/toolchain/avr8/avr8-gnu-toolchain/bin/../lib/gcc/avr/5.4.0/../../../../avr/lib/avr5\libm.a
START GROUP
LOAD c:/program files (x86)/atmel/studio/7.0/toolchain/avr8/avr8-gnu-toolchain/bin/../lib/gcc/avr/5.4.0/avr5\libgcc.a
LOAD c:/program files (x86)/atmel/studio/7.0/toolchain/avr8/avr8-gnu-toolchain/bin/../lib/gcc/avr/5.4.0/../../../../avr/lib/avr5\libm.a
LOAD c:/program files (x86)/atmel/studio/7.0/toolchain/avr8/avr8-gnu-toolchain/bin/../lib/gcc/avr/5.4.0/../../../../avr/lib/avr5\libc.a
LOAD C:/Program Files (x86)/Atmel/Studio/7.0/Packs/atmel/ATmega_DFP/1.7.374/gcc/dev/atmega328p/avr5\libatmega328p.a
END GROUP
                0x00000000                __TEXT_REGION_ORIGIN__ = DEFINED (__TEXT_REGION_ORIGIN__)?__TEXT_REGION_ORIGIN__:0x0
                [0x00800100]                __DATA_REGION_ORIGIN__ = DEFINED (__DATA_REGION_ORIGIN__)?__DATA_REGION_ORIGIN__:0x800060
                [0x00008000]                __TEXT_REGION_LENGTH__ = DEFINED (__TEXT_REGION_LENGTH__)?__TEXT_REGION_LENGTH__:0x20000
                [0x00000800]                __DATA_REGION_LENGTH__ = DEFINED (__DATA_REGION_LENGTH__)?__DATA_REGION_LENGTH__:0xffa0
                [0x00000400]                __EEPROM_REGION_LENGTH__ = DEFINED (__EEPROM_REGION_LENGTH__)?__EEPROM_REGION_LENGTH__:0x10000
                [0x00000003]                __FUSE_REGION_LENGTH__ = DEFINED (__FUSE_REGION_LENGTH__)?__FUSE_REGION_LENGTH__:0x400
                0x00000400                __LOCK_REGION_LENGTH__ = DEFINED (__LOCK_REGION_LENGTH__)?__LOCK_REGION_LENGTH__:0x400
                0x00000400                __SIGNATURE_REGION_LENGTH__ = DEFINED (__SIGNATURE_REGION_LENGTH__)?__SIGNATURE_REGION_LENGTH__:0x400
                0x00000400                __USER_SIGNATURE_REGION_LENGTH__ = DEFINED (__USER_SIGNATURE_REGION_LENGTH__)?__USER_SIGNATURE_REGION_LENGTH__:0x400

.hash
 *(.hash)

.dynsym
 *(.dynsym)

.dynstr
 *(.dynstr)

.gnu.version
 *(.gnu.version)

.gnu.version_d
 *(.gnu.version_d)

.gnu.version_r
 *(.gnu.version_r)

.rel.init
 *(.rel.init)

.rela.init
 *(.rela.init)

.rel.text
 *(.rel.text)
 *(.rel.text.*)
 *(.rel.gnu.linkonce.t*)

.rela.text
 *(.rela.text)
 *(.rela.text.*)
 *(.rela.gnu.linkonce.t*)

.rel.fini
 *(.rel.fini)

.rela.fini
 *(.rela.fini)

.rel.rodata
 *(.rel.rodata)
 *(.rel.rodata.*)
 *(.rel.gnu.linkonce.r*)

.rela.rodata
 *(.rela.rodata)
 *(.rela.rodata.*)
 *(.rela.gnu.linkonce.r*)

.rel.data
 *(.rel.data)
 *(.rel.data.*)
 *(.rel.gnu.linkonce.d*)

.rela.data
 *(.rela.data)
 *(.rela.data.*)
 *(.rela.gnu.linkonce.d*)

.rel.ctors
 *(.rel.ctors)

.rela.ctors
 *(.rela.ctors)

.rel.dtors
 *(.rel.dtors)

.rela.dtors
 *(.rela.dtors)

.rel.got
 *(.rel.got)

.rela.got
 *(.rela.got)

.rel.bss
 *(.rel.bss)

.rela.bss
 *(.rela.bss)

.rel.plt
 *(.rel.plt)

.rela.plt
 *(.rela.plt)

.text           0x00000000     0x24ec
 *(.vectors)
 .vectors       0x00000000       0x68 C:/Program Files (x86)/Atmel/Studio/7.0/Packs/atmel/ATmega_DFP/1.7.374/gcc/dev/atmega328p/avr5/crtatmega328p.o
                0x00000000                __vector_default
                0x00000000                __vectors
 *(.vectors)
 *(.progmem.gcc*)
                0x00000068                . = ALIGN (0x2)
                0x00000068                __trampolines_start = .
 *(.trampolines)
 .trampolines   0x00000068        0x0 linker stubs
 *(.trampolines*)
                0x00000068                __trampolines_end = .
 *libprintf_flt.a:*(.progmem.data)
 *libc.a:*(.progmem.data)
 *(.progmem*)
                0x00000068                . = ALIGN (0x2)
 *(.jumptables)
 *(.jumptables*)
 *(.lowtext)
 *(.lowtext*)
                0x00000068                __ctors_start = .
 *(.ctors)
 .ctors         0x00000068        0x2 driver/atmega328p/source/gpio.o
 .ctors         0x0000006a        0x2 driver/atmega328p/source/timer.o
 .ctors         0x0000006c        0x2 main.o
                0x0000006e                __ctors_end = .
                0x0000006e                __dtors_start = .
 *(.dtors)
 .dtors         0x0000006e        0x2 driver/atmega328p/source/gpio.o
 .dtors         0x00000070        0x2 driver/atmega328p/source/timer.o
                0x00000072                __dtors_end = .
 SORT(*)(.ctors)
 SORT(*)(.dtors)
 *(.init0)
 .init0         0x00000072        0x0 C:/Program Files (x86)/Atmel/Studio/7.0/Packs/atmel/ATmega_DFP/1.7.374/gcc/dev/atmega328p/avr5/crtatmega328p.o
                0x00000072                __init
 *(.init0)
 *(.init1)
 *(.init1)
 *(.init2)
 .init2         0x00000072        0xc C:/Program Files (x86)/Atmel/Studio/7.0/Packs/atmel/ATmega_DFP/1.7.374/gcc/dev/atmega328p/avr5/crtatmega328p.o
 *(.init2)
 *(.init3)
 *(.init3)
 *(.init4)
 .init4         0x0000007e       0x16 c:/program files (x86)/atmel/studio/7.0/toolchain/avr8/avr8-gnu-toolchain/bin/../lib/gcc/avr/5.4.0/avr5\libgcc.a(_copy_data.o)
                0x0000007e                __do_copy_data
 .init4         0x00000094       0x10 c:/program files (x86)/atmel/studio/7.0/toolchain/avr8/avr8-gnu-toolchain/bin/../lib/gcc/avr/5.4.0/avr5\libgcc.a(_clear_bss.o)
                0x00000094                __do_clear_bss
 *(.init4)
 *(.init5)
 *(.init5)
 *(.init6)
 .init6         0x000000a4       0x16 c:/program files (x86)/atmel/studio/7.0/toolchain/avr8/avr8-gnu-toolchain/bin/../lib/gcc/avr/5.4.0/avr5\libgcc.a(_ctors.o)
                0x000000a4                __do_global_ctors
 *(.init6)
 *(.init7)
 *(.init7)
 *(.init8)
 *(.init8)
 *(.init9)
 .init9         0x000000ba        0x8 C:/Program Files (x86)/Atmel/Studio/7.0/Packs/atmel/ATmega_DFP/1.7.374/gcc/dev/atmega328p/avr5/crtatmega328p.o
 *(.init9)
 *(.text)
 .text          0x000000c2        0x4 C:/Program Files (x86)/Atmel/Studio/7.0/Packs/atmel/ATmega_DFP/1.7.374/gcc/dev/atmega328p/avr5/crtatmega328p.o
                0x000000c2                __vector_22
                0x000000c2                __vector_1
                0x000000c2                __vector_24
                0x000000c2                __vector_12
                0x000000c2                __bad_interrupt
                0x000000c2                __vector_6
                0x000000c2                __vector_23
                0x000000c2                __vector_25
                0x000000c2                __vector_13
                0x000000c2                __vector_17
                0x000000c2                __vector_19
                0x000000c2                __vector_7
                0x000000c2                __vector_2
                0x000000c2                __vector_21
                0x000000c2                __vector_15
                0x000000c2                __vector_8
                0x000000c2                __vector_14
                0x000000c2                __vector_10
                0x000000c2                __vector_18
                0x000000c2                __vector_20
 .text          0x000000c6       0x64 c:/program files (x86)/atmel/studio/7.0/toolchain/avr8/avr8-gnu-toolchain/bin/../lib/gcc/avr/5.4.0/../../../../avr/lib/avr5\libc.a(atexit.o)
                0x000000ee                atexit
 .text          0x0000012a       0x26 c:/program files (x86)/atmel/studio/7.0/toolchain/avr8/avr8-gnu-toolchain/bin/../lib/gcc/avr/5.4.0/../../../../avr/lib/avr5\libc.a(time.o)
                0x0000012a                time
                0x00000150                . = ALIGN (0x2)
 *(.text.*)
 .text._ZN9container5ArrayIPFvvELj3EEC2Ev
                0x00000150        0xc driver/atmega328p/source/gpio.o
                0x00000150                _ZN9container5ArrayIPFvvELj3EEC2Ev
                0x00000150                _ZN9container5ArrayIPFvvELj3EEC1Ev
 .text._ZN9container13CallbackArrayILj3EEC2Ev
                0x0000015c        0x6 driver/atmega328p/source/gpio.o
                0x0000015c                _ZN9container13CallbackArrayILj3EEC2Ev
                0x0000015c                _ZN9container13CallbackArrayILj3EEC1Ev
 .text._ZNK9container13CallbackArrayILj3EE12isIndexValidEj
                0x00000162        0xc driver/atmega328p/source/gpio.o
                0x00000162                _ZNK9container13CallbackArrayILj3EE12isIndexValidEj
 .text._ZNK9container13CallbackArrayILj3EE17isCallbackDefinedEj
                0x0000016e       0x18 driver/atmega328p/source/gpio.o
                0x0000016e                _ZNK9container13CallbackArrayILj3EE17isCallbackDefinedEj
 .text._ZN9container13CallbackArrayILj3EE6invokeEj
                0x00000186       0x4e driver/atmega328p/source/gpio.o
                0x00000186                _ZN9container13CallbackArrayILj3EE6invokeEj
 .text.__vector_3
                0x000001d4       0x50 driver/atmega328p/source/gpio.o
                0x000001d4                __vector_3
 .text.__vector_4
                0x00000224       0x50 driver/atmega328p/source/gpio.o
                0x00000224                __vector_4
 .text.__vector_5
                0x00000274       0x50 driver/atmega328p/source/gpio.o
                0x00000274                __vector_5
 .text._Z41__static_initialization_and_destruction_0ii
                0x000002c4       0x14 driver/atmega328p/source/gpio.o
 .text._GLOBAL__sub_I__ZN6driver10atmega328p4Gpio9myHwPortBE
                0x000002d8        0xe driver/atmega328p/source/gpio.o
 .text._GLOBAL__sub_D__ZN6driver10atmega328p4Gpio9myHwPortBE
                0x000002e6        0xe driver/atmega328p/source/gpio.o
 .text._ZN6driver10atmega328p12_GLOBAL__N_112transmitCharEc
                0x000002f4       0x3c driver/atmega328p/source/serial.o
 .text.__tcf_0  0x00000330        0xe driver/atmega328p/source/serial.o
 .text._ZNK6driver10atmega328p6Serial12baudRate_bpsEv
                0x0000033e        0xa driver/atmega328p/source/serial.o
                0x0000033e                _ZNK6driver10atmega328p6Serial12baudRate_bpsEv
 .text._ZNK6driver10atmega328p6Serial13isInitializedEv
                0x00000348        0x4 driver/atmega328p/source/serial.o
                0x00000348                _ZNK6driver10atmega328p6Serial13isInitializedEv
 .text._ZNK6driver10atmega328p6Serial9isEnabledEv
                0x0000034c        0x6 driver/atmega328p/source/serial.o
                0x0000034c                _ZNK6driver10atmega328p6Serial9isEnabledEv
 .text._ZN6driver10atmega328p6Serial10setEnabledEb
                0x00000352        0x6 driver/atmega328p/source/serial.o
                0x00000352                _ZN6driver10atmega328p6Serial10setEnabledEb
 .text._ZNK6driver10atmega328p6Serial5printEPKc
                0x00000358       0x2e driver/atmega328p/source/serial.o
                0x00000358                _ZNK6driver10atmega328p6Serial5printEPKc
 .text._ZN6driver10atmega328p6SerialD2Ev
                0x00000386        0xc driver/atmega328p/source/serial.o
                0x00000386                _ZN6driver10atmega328p6SerialD2Ev
                0x00000386                _ZN6driver10atmega328p6SerialD1Ev
 .text._ZN6driver10atmega328p6SerialD0Ev
                0x00000392       0x14 driver/atmega328p/source/serial.o
                0x00000392                _ZN6driver10atmega328p6SerialD0Ev
 .text._ZN6driver10atmega328p6SerialC2Ev
                0x000003a6       0x3a driver/atmega328p/source/serial.o
                0x000003a6                _ZN6driver10atmega328p6SerialC1Ev
                0x000003a6                _ZN6driver10atmega328p6SerialC2Ev
 .text._ZN6driver10atmega328p6Serial11getInstanceEv
                0x000003e0       0x32 driver/atmega328p/source/serial.o
                0x000003e0                _ZN6driver10atmega328p6Serial11getInstanceEv
 .text._ZN6driver10atmega328p5Timer11hasTimedOutEv
                0x00000412       0x50 driver/atmega328p/source/timer.o
                0x00000412                _ZN6driver10atmega328p5Timer11hasTimedOutEv
 .text._ZN6driver10atmega328p5Timer9incrementEv
                0x00000462       0x28 driver/atmega328p/source/timer.o
                0x00000462                _ZN6driver10atmega328p5Timer9incrementEv
 .text._ZN6driver10atmega328p12_GLOBAL__N_114invokeCallbackEh
                0x0000048a       0x46 driver/atmega328p/source/timer.o
 .text.__vector_16
                0x000004d0       0x4a driver/atmega328p/source/timer.o
                0x000004d0                __vector_16
 .text.__vector_11
                0x0000051a       0x4a driver/atmega328p/source/timer.o
                0x0000051a                __vector_11
 .text.__vector_9
                0x00000564       0x4a driver/atmega328p/source/timer.o
                0x00000564                __vector_9
 .text._Z41__static_initialization_and_destruction_0ii
                0x000005ae       0x14 driver/atmega328p/source/timer.o
 .text._GLOBAL__sub_I__ZN6driver10atmega328p5TimerC2EmPFvvEb
                0x000005c2        0xe driver/atmega328p/source/timer.o
 .text._GLOBAL__sub_D__ZN6driver10atmega328p5TimerC2EmPFvvEb
                0x000005d0        0xe driver/atmega328p/source/timer.o
 .text._Z41__static_initialization_and_destruction_0ii
                0x000005de       0x18 main.o
 .text._ZNK9container6VectorIdE5emptyEv
                0x000005f6       0x10 main.o
                0x000005f6                _ZNK9container6VectorIdE5emptyEv
 .text._ZNK6driver15SerialInterface6printfIJEEEbPKcDpRKT_
                0x00000606       0x1c main.o
                0x00000606                _ZNK6driver15SerialInterface6printfIJEEEbPKcDpRKT_
                0x00000606                _ZNK6driver15SerialInterface6printfIIEEEbPKcDpRKT_
 .text._ZNK9container6VectorIdE5beginEv
                0x00000622        0xe main.o
                0x00000622                _ZNK9container6VectorIdE5beginEv
 .text._ZNK9container6VectorIdE3endEv
                0x00000630       0x1e main.o
                0x00000630                _ZNK9container6VectorIdE3endEv
 .text._ZNK6driver15SerialInterface6printfIJiiEEEbPKcDpRKT_
                0x0000064e       0xaa main.o
                0x0000064e                _ZNK6driver15SerialInterface6printfIIiiEEEbPKcDpRKT_
                0x0000064e                _ZNK6driver15SerialInterface6printfIJiiEEEbPKcDpRKT_
 .text._ZNK6driver15SerialInterface6printfIJiEEEbPKcDpRKT_
                0x000006f8       0x92 main.o
                0x000006f8                _ZNK6driver15SerialInterface6printfIJiEEEbPKcDpRKT_
                0x000006f8                _ZNK6driver15SerialInterface6printfIIiEEEbPKcDpRKT_
 .text._ZN12_GLOBAL__N_116printPredictionsERKN2ml6linreg9InterfaceERKN9container6VectorIdEE
                0x0000078a      0x1c4 main.o
 .text._ZN9container6VectorIdEC2Ev
                0x0000094e        0xc main.o
                0x0000094e                _ZN9container6VectorIdEC2Ev
                0x0000094e                _ZN9container6VectorIdEC1Ev
 .text._ZN9container6VectorIdE5clearEv
                0x0000095a       0x1c main.o
                0x0000095a                _ZN9container6VectorIdE5clearEv
 .text._ZN9container6VectorIdED2Ev
                0x00000976        0x6 main.o
                0x00000976                _ZN9container6VectorIdED2Ev
                0x00000976                _ZN9container6VectorIdED1Ev
 .text._ZN9container6VectorIdE6resizeEj
                0x0000097c       0x38 main.o
                0x0000097c                _ZN9container6VectorIdE6resizeEj
 .text._ZN9container6VectorIdE6assignILj11EEEvRAT__Kdj
                0x000009b4       0x60 main.o
                0x000009b4                _ZN9container6VectorIdE6assignILj11EEEvRAT__Kdj
 .text._ZN9container6VectorIdE9addValuesILj11EEEbRAT__Kd
                0x00000a14       0x42 main.o
                0x00000a14                _ZN9container6VectorIdE9addValuesILj11EEEbRAT__Kd
 .text._ZN9container6VectorIdEC2IJdddddddddddEEEDpOKT_
                0x00000a56      0x15a main.o
                0x00000a56                _ZN9container6VectorIdEC2IIdddddddddddEEEDpOKT_
                0x00000a56                _ZN9container6VectorIdEC2IJdddddddddddEEEDpOKT_
                0x00000a56                _ZN9container6VectorIdEC1IIdddddddddddEEEDpOKT_
                0x00000a56                _ZN9container6VectorIdEC1IJdddddddddddEEEDpOKT_
 .text._ZN9container6VectorIjE5clearEv
                0x00000bb0       0x1c main.o
                0x00000bb0                _ZN9container6VectorIjE5clearEv
 .text._ZN9container6VectorIjED2Ev
                0x00000bcc        0x6 main.o
                0x00000bcc                _ZN9container6VectorIjED1Ev
                0x00000bcc                _ZN9container6VectorIjED2Ev
 .text._ZN2ml6linreg6LinRegD2Ev
                0x00000bd2       0x34 main.o
                0x00000bd2                _ZN2ml6linreg6LinRegD2Ev
                0x00000bd2                _ZN2ml6linreg6LinRegD1Ev
 .text.main     0x00000c06      0x30e main.o
                0x00000c06                main
 .text._ZN2ml6linreg6LinRegD0Ev
                0x00000f14       0x3e main.o
                0x00000f14                _ZN2ml6linreg6LinRegD0Ev
 .text._GLOBAL__sub_I_main
                0x00000f52        0xe main.o
 .text._ZNK2ml6linreg6LinReg7predictEd
                0x00000f60       0x28 ml/source/ml/linreg/linreg.o
                0x00000f60                _ZNK2ml6linreg6LinReg7predictEd
 .text._ZNK2ml6linreg6LinReg13getEpochsUsedEv
                0x00000f88       0x10 ml/source/ml/linreg/linreg.o
                0x00000f88                _ZNK2ml6linreg6LinReg13getEpochsUsedEv
 .text._ZNK2ml6linreg6LinReg7getBiasEv
                0x00000f98        0xc ml/source/ml/linreg/linreg.o
                0x00000f98                _ZNK2ml6linreg6LinReg7getBiasEv
 .text._ZNK2ml6linreg6LinReg9getWeightEv
                0x00000fa4        0xc ml/source/ml/linreg/linreg.o
                0x00000fa4                _ZNK2ml6linreg6LinReg9getWeightEv
 .text._ZN2ml6linreg12_GLOBAL__N_110initRandomEv
                0x00000fb0       0x1e ml/source/ml/linreg/linreg.o
 .text._ZN2ml6linreg12_GLOBAL__N_114randomStartValEv
                0x00000fce       0x1e ml/source/ml/linreg/linreg.o
 .text._ZNK9container6VectorIjE4sizeEv
                0x00000fec        0x8 ml/source/ml/linreg/linreg.o
                0x00000fec                _ZNK9container6VectorIjE4sizeEv
 .text._ZN9container6VectorIjEixEj
                0x00000ff4       0x10 ml/source/ml/linreg/linreg.o
                0x00000ff4                _ZN9container6VectorIjEixEj
 .text._ZN2ml6linreg12_GLOBAL__N_17shuffleERN9container6VectorIjEE
                0x00001004       0x8a ml/source/ml/linreg/linreg.o
 .text._ZNK9container6VectorIdE4sizeEv
                0x0000108e        0x8 ml/source/ml/linreg/linreg.o
                0x0000108e                _ZNK9container6VectorIdE4sizeEv
 .text._ZN9container6VectorIjEC2Ev
                0x00001096        0xc ml/source/ml/linreg/linreg.o
                0x00001096                _ZN9container6VectorIjEC2Ev
                0x00001096                _ZN9container6VectorIjEC1Ev
 .text._ZN9container6VectorIjE6resizeEj
                0x000010a2       0x34 ml/source/ml/linreg/linreg.o
                0x000010a2                _ZN9container6VectorIjE6resizeEj
 .text._ZNK9container6VectorIdEixEj
                0x000010d6       0x14 ml/source/ml/linreg/linreg.o
                0x000010d6                _ZNK9container6VectorIdEixEj
 .text._ZNK2ml6linreg6LinReg13isPredictDoneEv
                0x000010ea       0x9c ml/source/ml/linreg/linreg.o
                0x000010ea                _ZNK2ml6linreg6LinReg13isPredictDoneEv
 .text._ZN9container6VectorIdEixEj
                0x00001186       0x14 ml/source/ml/linreg/linreg.o
                0x00001186                _ZN9container6VectorIdEixEj
 .text._ZN2ml6linreg6LinReg16trainWithNoEpochERN6driver15SerialInterfaceEd
                0x0000119a      0x1d4 ml/source/ml/linreg/linreg.o
                0x0000119a                _ZN2ml6linreg6LinReg16trainWithNoEpochERN6driver15SerialInterfaceEd
 .text._ZN9container6VectorIdEC2Ej
                0x0000136e       0x22 ml/source/ml/linreg/linreg.o
                0x0000136e                _ZN9container6VectorIdEC1Ej
                0x0000136e                _ZN9container6VectorIdEC2Ej
 .text._ZN2ml6linreg6LinRegC2ERKN9container6VectorIdEES6_
                0x00001390       0xce ml/source/ml/linreg/linreg.o
                0x00001390                _ZN2ml6linreg6LinRegC2ERKN9container6VectorIdEES6_
                0x00001390                _ZN2ml6linreg6LinRegC1ERKN9container6VectorIdEES6_
 .text._ZdlPvj  0x0000145e        0x2 utils/source/utils.o
                0x0000145e                _ZdlPvj
 .text.__cxa_pure_virtual
                0x00001460        0x2 utils/source/utils.o
                0x00001460                __cxa_pure_virtual
 .text.__cxa_guard_acquire
                0x00001462       0x12 utils/source/utils.o
                0x00001462                __cxa_guard_acquire
 .text.__cxa_guard_release
                0x00001474        0x8 utils/source/utils.o
                0x00001474                __cxa_guard_release
 .text.avr-libc.fplib
                0x0000147c        0xe c:/program files (x86)/atmel/studio/7.0/toolchain/avr8/avr8-gnu-toolchain/bin/../lib/gcc/avr/5.4.0/../../../../avr/lib/avr5\libm.a(addsf3.o)
                0x0000147c                __subsf3
                0x0000147e                __addsf3
 .text.avr-libc.fplib
                0x0000148a       0xcc c:/program files (x86)/atmel/studio/7.0/toolchain/avr8/avr8-gnu-toolchain/bin/../lib/gcc/avr/5.4.0/../../../../avr/lib/avr5\libm.a(addsf3x.o)
                0x000014ac                __addsf3x
 .text.avr-libc.fplib
                0x00001556        0xa c:/program files (x86)/atmel/studio/7.0/toolchain/avr8/avr8-gnu-toolchain/bin/../lib/gcc/avr/5.4.0/../../../../avr/lib/avr5\libm.a(cmpsf2.o)
                0x00001556                __nesf2
                0x00001556                __eqsf2
                0x00001556                __cmpsf2
                0x00001556                __ltsf2
                0x00001556                __lesf2
 .text.avr-libc.fplib
                0x00001560        0x8 c:/program files (x86)/atmel/studio/7.0/toolchain/avr8/avr8-gnu-toolchain/bin/../lib/gcc/avr/5.4.0/../../../../avr/lib/avr5\libm.a(divsf3.o)
                0x00001560                __divsf3
 .text.avr-libc.fplib
                0x00001568       0xdc c:/program files (x86)/atmel/studio/7.0/toolchain/avr8/avr8-gnu-toolchain/bin/../lib/gcc/avr/5.4.0/../../../../avr/lib/avr5\libm.a(divsf3x.o)
                0x00001588                __divsf3x
                0x0000158e                __divsf3_pse
 .text.avr-libc.fplib
                0x00001644        0xe c:/program files (x86)/atmel/studio/7.0/toolchain/avr8/avr8-gnu-toolchain/bin/../lib/gcc/avr/5.4.0/../../../../avr/lib/avr5\libm.a(fixsfsi.o)
                0x00001644                __fixsfsi
 .text.avr-libc.fplib
                0x00001652       0x5e c:/program files (x86)/atmel/studio/7.0/toolchain/avr8/avr8-gnu-toolchain/bin/../lib/gcc/avr/5.4.0/../../../../avr/lib/avr5\libm.a(fixunssfsi.o)
                0x00001652                __fixunssfsi
 .text.avr-libc.fplib
                0x000016b0       0x7a c:/program files (x86)/atmel/studio/7.0/toolchain/avr8/avr8-gnu-toolchain/bin/../lib/gcc/avr/5.4.0/../../../../avr/lib/avr5\libm.a(floatsisf.o)
                0x000016b0                __floatunsisf
                0x000016b4                __floatsisf
 .text.avr-libc.fplib
                0x0000172a       0x48 c:/program files (x86)/atmel/studio/7.0/toolchain/avr8/avr8-gnu-toolchain/bin/../lib/gcc/avr/5.4.0/../../../../avr/lib/avr5\libm.a(fp_cmp.o)
                0x0000172a                __fp_cmp
 .text.avr-libc.fplib
                0x00001772        0xc c:/program files (x86)/atmel/studio/7.0/toolchain/avr8/avr8-gnu-toolchain/bin/../lib/gcc/avr/5.4.0/../../../../avr/lib/avr5\libm.a(fp_inf.o)
                0x00001772                __fp_inf
 .text.avr-libc.fplib
                0x0000177e        0x6 c:/program files (x86)/atmel/studio/7.0/toolchain/avr8/avr8-gnu-toolchain/bin/../lib/gcc/avr/5.4.0/../../../../avr/lib/avr5\libm.a(fp_nan.o)
                0x0000177e                __fp_nan
 .text.avr-libc.fplib
                0x00001784        0xe c:/program files (x86)/atmel/studio/7.0/toolchain/avr8/avr8-gnu-toolchain/bin/../lib/gcc/avr/5.4.0/../../../../avr/lib/avr5\libm.a(fp_pscA.o)
                0x00001784                __fp_pscA
 .text.avr-libc.fplib
                0x00001792        0xe c:/program files (x86)/atmel/studio/7.0/toolchain/avr8/avr8-gnu-toolchain/bin/../lib/gcc/avr/5.4.0/../../../../avr/lib/avr5\libm.a(fp_pscB.o)
                0x00001792                __fp_pscB
 .text.avr-libc.fplib
                0x000017a0       0x22 c:/program files (x86)/atmel/studio/7.0/toolchain/avr8/avr8-gnu-toolchain/bin/../lib/gcc/avr/5.4.0/../../../../avr/lib/avr5\libm.a(fp_round.o)
                0x000017a0                __fp_round
 .text.avr-libc.fplib
                0x000017c2       0x44 c:/program files (x86)/atmel/studio/7.0/toolchain/avr8/avr8-gnu-toolchain/bin/../lib/gcc/avr/5.4.0/../../../../avr/lib/avr5\libm.a(fp_split3.o)
                0x000017c2                __fp_split3
                0x000017d2                __fp_splitA
 .text.avr-libc.fplib
                0x00001806        0xe c:/program files (x86)/atmel/studio/7.0/toolchain/avr8/avr8-gnu-toolchain/bin/../lib/gcc/avr/5.4.0/../../../../avr/lib/avr5\libm.a(fp_zero.o)
                0x00001806                __fp_zero
                0x00001808                __fp_szero
 .text.avr-libc.fplib
                0x00001814        0xa c:/program files (x86)/atmel/studio/7.0/toolchain/avr8/avr8-gnu-toolchain/bin/../lib/gcc/avr/5.4.0/../../../../avr/lib/avr5\libm.a(gesf2.o)
                0x00001814                __gesf2
                0x00001814                __gtsf2
 .text.avr-libc.fplib
                0x0000181e        0x8 c:/program files (x86)/atmel/studio/7.0/toolchain/avr8/avr8-gnu-toolchain/bin/../lib/gcc/avr/5.4.0/../../../../avr/lib/avr5\libm.a(mulsf3.o)
                0x0000181e                __mulsf3
 .text.avr-libc.fplib
                0x00001826       0xd2 c:/program files (x86)/atmel/studio/7.0/toolchain/avr8/avr8-gnu-toolchain/bin/../lib/gcc/avr/5.4.0/../../../../avr/lib/avr5\libm.a(mulsf3x.o)
                0x00001844                __mulsf3x
                0x0000184a                __mulsf3_pse
 .text.libgcc.div
                0x000018f8       0x28 c:/program files (x86)/atmel/studio/7.0/toolchain/avr8/avr8-gnu-toolchain/bin/../lib/gcc/avr/5.4.0/avr5\libgcc.a(_udivmodhi4.o)
                0x000018f8                __udivmodhi4
 .text.libgcc.builtins
                0x00001920       0x3c c:/program files (x86)/atmel/studio/7.0/toolchain/avr8/avr8-gnu-toolchain/bin/../lib/gcc/avr/5.4.0/avr5\libgcc.a(_ashrdi3.o)
                0x00001920                __ashrdi3
                0x00001924                __lshrdi3
 .text.libgcc   0x0000195c       0x18 c:/program files (x86)/atmel/studio/7.0/toolchain/avr8/avr8-gnu-toolchain/bin/../lib/gcc/avr/5.4.0/avr5\libgcc.a(_cmpdi2_s8.o)
                0x0000195c                __cmpdi2_s8
 .text.libgcc   0x00001974        0xc c:/program files (x86)/atmel/studio/7.0/toolchain/avr8/avr8-gnu-toolchain/bin/../lib/gcc/avr/5.4.0/avr5\libgcc.a(_tablejump2.o)
                0x00001974                __tablejump2__
 .text.avr-libc
                0x00001980      0x242 c:/program files (x86)/atmel/studio/7.0/toolchain/avr8/avr8-gnu-toolchain/bin/../lib/gcc/avr/5.4.0/../../../../avr/lib/avr5\libc.a(malloc.o)
                0x00001980                malloc
                0x00001ab0                free
 .text.avr-libc
                0x00001bc2       0xb8 c:/program files (x86)/atmel/studio/7.0/toolchain/avr8/avr8-gnu-toolchain/bin/../lib/gcc/avr/5.4.0/../../../../avr/lib/avr5\libc.a(rand.o)
                0x00001c54                rand_r
                0x00001c5a                rand
                0x00001c64                srand
 .text.avr-libc
                0x00001c7a      0x18c c:/program files (x86)/atmel/studio/7.0/toolchain/avr8/avr8-gnu-toolchain/bin/../lib/gcc/avr/5.4.0/../../../../avr/lib/avr5\libc.a(realloc.o)
                0x00001c7a                realloc
 .text.avr-libc
                0x00001e06       0x12 c:/program files (x86)/atmel/studio/7.0/toolchain/avr8/avr8-gnu-toolchain/bin/../lib/gcc/avr/5.4.0/../../../../avr/lib/avr5\libc.a(memcpy.o)
                0x00001e06                memcpy
 .text.avr-libc
                0x00001e18       0x60 c:/program files (x86)/atmel/studio/7.0/toolchain/avr8/avr8-gnu-toolchain/bin/../lib/gcc/avr/5.4.0/../../../../avr/lib/avr5\libc.a(snprintf.o)
                0x00001e18                snprintf
 .text.avr-libc
                0x00001e78      0x3c2 c:/program files (x86)/atmel/studio/7.0/toolchain/avr8/avr8-gnu-toolchain/bin/../lib/gcc/avr/5.4.0/../../../../avr/lib/avr5\libc.a(vfprintf_std.o)
                0x00001e78                vfprintf
 .text.avr-libc
                0x0000223a       0x16 c:/program files (x86)/atmel/studio/7.0/toolchain/avr8/avr8-gnu-toolchain/bin/../lib/gcc/avr/5.4.0/../../../../avr/lib/avr5\libc.a(strnlen_P.o)
                0x0000223a                strnlen_P
 .text.avr-libc
                0x00002250       0x16 c:/program files (x86)/atmel/studio/7.0/toolchain/avr8/avr8-gnu-toolchain/bin/../lib/gcc/avr/5.4.0/../../../../avr/lib/avr5\libc.a(strnlen.o)
                0x00002250                strnlen
 .text.avr-libc
                0x00002266       0x78 c:/program files (x86)/atmel/studio/7.0/toolchain/avr8/avr8-gnu-toolchain/bin/../lib/gcc/avr/5.4.0/../../../../avr/lib/avr5\libc.a(fputc.o)
                0x00002266                fputc
 .text.avr-libc
                0x000022de       0xbc c:/program files (x86)/atmel/studio/7.0/toolchain/avr8/avr8-gnu-toolchain/bin/../lib/gcc/avr/5.4.0/../../../../avr/lib/avr5\libc.a(ultoa_invert.o)
                0x000022de                __ultoa_invert
 .text.libgcc.div
                0x0000239a       0x2e c:/program files (x86)/atmel/studio/7.0/toolchain/avr8/avr8-gnu-toolchain/bin/../lib/gcc/avr/5.4.0/avr5\libgcc.a(_divmodsi4.o)
                0x0000239a                __divmodsi4
 .text.libgcc.div
                0x000023c8       0x10 c:/program files (x86)/atmel/studio/7.0/toolchain/avr8/avr8-gnu-toolchain/bin/../lib/gcc/avr/5.4.0/avr5\libgcc.a(_negsi2.o)
                0x000023c8                __negsi2
 .text.libgcc.mul
                0x000023d8       0x16 c:/program files (x86)/atmel/studio/7.0/toolchain/avr8/avr8-gnu-toolchain/bin/../lib/gcc/avr/5.4.0/avr5\libgcc.a(_muluhisi3.o)
                0x000023d8                __muluhisi3
 .text.libgcc.mul
                0x000023ee       0x10 c:/program files (x86)/atmel/studio/7.0/toolchain/avr8/avr8-gnu-toolchain/bin/../lib/gcc/avr/5.4.0/avr5\libgcc.a(_mulshisi3.o)
                0x000023ee                __mulshisi3
                0x000023f4                __mulohisi3
 .text.libgcc.prologue
                0x000023fe       0x38 c:/program files (x86)/atmel/studio/7.0/toolchain/avr8/avr8-gnu-toolchain/bin/../lib/gcc/avr/5.4.0/avr5\libgcc.a(_prologue.o)
                0x000023fe                __prologue_saves__
 .text.libgcc.prologue
                0x00002436       0x36 c:/program files (x86)/atmel/studio/7.0/toolchain/avr8/avr8-gnu-toolchain/bin/../lib/gcc/avr/5.4.0/avr5\libgcc.a(_epilogue.o)
                0x00002436                __epilogue_restores__
 .text.libgcc.div
                0x0000246c       0x44 c:/program files (x86)/atmel/studio/7.0/toolchain/avr8/avr8-gnu-toolchain/bin/../lib/gcc/avr/5.4.0/avr5\libgcc.a(_udivmodsi4.o)
                0x0000246c                __udivmodsi4
 .text.libgcc.mul
                0x000024b0       0x1e c:/program files (x86)/atmel/studio/7.0/toolchain/avr8/avr8-gnu-toolchain/bin/../lib/gcc/avr/5.4.0/avr5\libgcc.a(_umulhisi3.o)
                0x000024b0                __umulhisi3
                0x000024ce                . = ALIGN (0x2)
 *(.fini9)
 .fini9         0x000024ce        0x0 c:/program files (x86)/atmel/studio/7.0/toolchain/avr8/avr8-gnu-toolchain/bin/../lib/gcc/avr/5.4.0/avr5\libgcc.a(_exit.o)
                0x000024ce                _exit
                0x000024ce                exit
 *(.fini9)
 *(.fini8)
 .fini8         0x000024ce        0x4 c:/program files (x86)/atmel/studio/7.0/toolchain/avr8/avr8-gnu-toolchain/bin/../lib/gcc/avr/5.4.0/../../../../avr/lib/avr5\libc.a(atexit.o)
 *(.fini8)
 *(.fini7)
 *(.fini7)
 *(.fini6)
 .fini6         0x000024d2       0x16 c:/program files (x86)/atmel/studio/7.0/toolchain/avr8/avr8-gnu-toolchain/bin/../lib/gcc/avr/5.4.0/avr5\libgcc.a(_dtors.o)
                0x000024d2                __do_global_dtors
 *(.fini6)
 *(.fini5)
 *(.fini5)
 *(.fini4)
 *(.fini4)
 *(.fini3)
 *(.fini3)
 *(.fini2)
 *(.fini2)
 *(.fini1)
 *(.fini1)
 *(.fini0)
 .fini0         0x000024e8        0x4 c:/program files (x86)/atmel/studio/7.0/toolchain/avr8/avr8-gnu-toolchain/bin/../lib/gcc/avr/5.4.0/avr5\libgcc.a(_exit.o)
 *(.fini0)
                0x000024ec                _etext = .

.data           0x00800100      0x16c load address 0x000024ec
                0x00800100                PROVIDE (__data_start, .)
 *(.data)
 .data          0x00800100        0x6 c:/program files (x86)/atmel/studio/7.0/toolchain/avr8/avr8-gnu-toolchain/bin/../lib/gcc/avr/5.4.0/../../../../avr/lib/avr5\libc.a(malloc.o)
                0x00800100                __malloc_heap_end
                0x00800102                __malloc_heap_start
                0x00800104                __malloc_margin
 .data          0x00800106        0x4 c:/program files (x86)/atmel/studio/7.0/toolchain/avr8/avr8-gnu-toolchain/bin/../lib/gcc/avr/5.4.0/../../../../avr/lib/avr5\libc.a(rand.o)
 *(.data*)
 *(.gnu.linkonce.d*)
 *(.rodata)
 *(.rodata*)
 .rodata._ZTVN6driver15SerialInterfaceE
                0x0080010a       0x12 driver/atmega328p/source/serial.o
                0x0080010a                _ZTVN6driver15SerialInterfaceE
 .rodata._ZTVN6driver10atmega328p6SerialE
                0x0080011c       0x12 driver/atmega328p/source/serial.o
                0x0080011c                _ZTVN6driver10atmega328p6SerialE
 .rodata.str1.1
                0x0080012e      0x11d main.o
 .rodata._ZTVN2ml6linreg9InterfaceE
                0x0080024b       0x10 main.o
                0x0080024b                _ZTVN2ml6linreg9InterfaceE
 .rodata.str1.1
                0x0080025b       0x11 ml/source/ml/linreg/linreg.o
 .rodata._ZTVN2ml6linreg6LinRegE
                0x0080025b       0x10 ml/source/ml/linreg/linreg.o
                0x0080025b                _ZTVN2ml6linreg6LinRegE
 *(.gnu.linkonce.r*)
                0x0080026c                . = ALIGN (0x2)
 *fill*         0x0080026b        0x1 
                0x0080026c                _edata = .
                0x0080026c                PROVIDE (__data_end, .)

.bss            0x0080026c       0x2a
                0x0080026c                PROVIDE (__bss_start, .)
 *(.bss)
 .bss           0x0080026c        0x2 c:/program files (x86)/atmel/studio/7.0/toolchain/avr8/avr8-gnu-toolchain/bin/../lib/gcc/avr/5.4.0/../../../../avr/lib/avr5\libc.a(atexit.o)
 *(.bss*)
 .bss._ZN6driver10atmega328p12_GLOBAL__N_19GpioParam9callbacksE
                0x0080026e        0x6 driver/atmega328p/source/gpio.o
 .bss._ZZN6driver10atmega328p6Serial11getInstanceEvE10myInstance
                0x00800274        0x3 driver/atmega328p/source/serial.o
 .bss._ZGVZN6driver10atmega328p6Serial11getInstanceEvE10myInstance
                0x00800277        0x8 driver/atmega328p/source/serial.o
 .bss._ZN6driver10atmega328p12_GLOBAL__N_110TimerParam9callbacksE
                0x0080027f        0x6 driver/atmega328p/source/timer.o
 .bss._ZN6driver10atmega328p12_GLOBAL__N_110TimerParam6timersE
                0x00800285        0x6 driver/atmega328p/source/timer.o
 .bss._ZN12_GLOBAL__N_16serialE
                0x0080028b        0x2 main.o
 .bss._ZZN2ml6linreg12_GLOBAL__N_110initRandomEvE11initialized
                0x0080028d        0x1 ml/source/ml/linreg/linreg.o
 *(COMMON)
 COMMON         0x0080028e        0x4 c:/program files (x86)/atmel/studio/7.0/toolchain/avr8/avr8-gnu-toolchain/bin/../lib/gcc/avr/5.4.0/../../../../avr/lib/avr5\libc.a(malloc.o)
                0x0080028e                __brkval
                0x00800290                __flp
 COMMON         0x00800292        0x4 c:/program files (x86)/atmel/studio/7.0/toolchain/avr8/avr8-gnu-toolchain/bin/../lib/gcc/avr/5.4.0/../../../../avr/lib/avr5\libc.a(system_time.o)
                0x00800292                __system_time
                0x00800296                PROVIDE (__bss_end, .)
                0x000024ec                __data_load_start = LOADADDR (.data)
                0x00002658                __data_load_end = (__data_load_start + SIZEOF (.data))

.noinit         0x00800296        0x0
                [!provide]                PROVIDE (__noinit_start, .)
 *(.noinit*)
                [!provide]                PROVIDE (__noinit_end, .)
                0x00800296                _end = .
                0x00800296                PROVIDE (__heap_start, .)

.eeprom         0x00810000        0x0
 *(.eeprom*)
                0x00810000                __eeprom_end = .

.fuse
 *(.fuse)
 *(.lfuse)
 *(.hfuse)
 *(.efuse)

.lock
 *(.lock*)

.signature
 *(.signature*)

.user_signatures
 *(.user_signatures*)

.stab
 *(.stab)

.stabstr
 *(.stabstr)

.stab.excl
 *(.stab.excl)

.stab.exclstr
 *(.stab.exclstr)

.stab.index
 *(.stab.index)

.stab.indexstr
 *(.stab.indexstr)

.comment        0x00000000       0x5c
 *(.comment)
 .comment       0x00000000       0x30 driver/atmega328p/source/gpio.o
                                 0x31 (size before relaxing)
 .comment       0x00000030       0x31 driver/atmega328p/source/serial.o
 .comment       0x00000030       0x31 driver/atmega328p/source/timer.o
 .comment       0x00000030       0x31 main.o
 .comment       0x00000030       0x31 ml/source/ml/linreg/linreg.o
 .comment       0x00000030       0x31 utils/source/utils.o
 .comment       0x00000030       0x31 c:/program files (x86)/atmel/studio/7.0/toolchain/avr8/avr8-gnu-toolchain/bin/../lib/gcc/avr/5.4.0/../../../../avr/lib/avr5\libc.a(atexit.o)
 .comment       0x00000030       0x31 c:/program files (x86)/atmel/studio/7.0/toolchain/avr8/avr8-gnu-toolchain/bin/../lib/gcc/avr/5.4.0/../../../../avr/lib/avr5\libc.a(malloc.o)
 .comment       0x00000030       0x31 c:/program files (x86)/atmel/studio/7.0/toolchain/avr8/avr8-gnu-toolchain/bin/../lib/gcc/avr/5.4.0/../../../../avr/lib/avr5\libc.a(rand.o)
 .comment       0x00000030       0x31 c:/program files (x86)/atmel/studio/7.0/toolchain/avr8/avr8-gnu-toolchain/bin/../lib/gcc/avr/5.4.0/../../../../avr/lib/avr5\libc.a(realloc.o)
 .comment       0x00000030       0x31 c:/program files (x86)/atmel/studio/7.0/toolchain/avr8/avr8-gnu-toolchain/bin/../lib/gcc/avr/5.4.0/../../../../avr/lib/avr5\libc.a(snprintf.o)
 .comment       0x00000030       0x31 c:/program files (x86)/atmel/studio/7.0/toolchain/avr8/avr8-gnu-toolchain/bin/../lib/gcc/avr/5.4.0/../../../../avr/lib/avr5\libc.a(time.o)
 .comment       0x00000030       0x2c c:/program files (x86)/atmel/studio/7.0/toolchain/avr8/avr8-gnu-toolchain/bin/../lib/gcc/avr/5.4.0/../../../../avr/lib/avr5\libc.a(vfprintf_std.o)
                                 0x2d (size before relaxing)
 .comment       0x0000005c       0x31 c:/program files (x86)/atmel/studio/7.0/toolchain/avr8/avr8-gnu-toolchain/bin/../lib/gcc/avr/5.4.0/../../../../avr/lib/avr5\libc.a(fputc.o)
 .comment       0x0000005c       0x31 c:/program files (x86)/atmel/studio/7.0/toolchain/avr8/avr8-gnu-toolchain/bin/../lib/gcc/avr/5.4.0/../../../../avr/lib/avr5\libc.a(system_time.o)

.note.gnu.avr.deviceinfo
                0x00000000       0x40
 .note.gnu.avr.deviceinfo
                0x00000000       0x40 C:/Program Files (x86)/Atmel/Studio/7.0/Packs/atmel/ATmega_DFP/1.7.374/gcc/dev/atmega328p/avr5/crtatmega328p.o

.note.gnu.build-id
 *(.note.gnu.build-id)

.debug
 *(.debug)

.line
 *(.line)

.debug_srcinfo
 *(.debug_srcinfo)

.debug_sfnames
 *(.debug_sfnames)

.debug_aranges  0x00000000      0x4b0
 *(.debug_aranges)
 .debug_aranges
                0x00000000      0x108 driver/atmega328p/source/gpio.o
 .debug_aranges
                0x00000108       0x70 driver/atmega328p/source/serial.o
 .debug_aranges
                0x00000178      0x120 driver/atmega328p/source/timer.o
 .debug_aranges
                0x00000298       0xc0 main.o
 .debug_aranges
                0x00000358       0xf0 ml/source/ml/linreg/linreg.o
 .debug_aranges
                0x00000448       0x68 utils/source/utils.o

.debug_pubnames
 *(.debug_pubnames)

.debug_info     0x00000000     0x8f22
 *(.debug_info .gnu.linkonce.wi.*)
 .debug_info    0x00000000      0x5f4 C:/Program Files (x86)/Atmel/Studio/7.0/Packs/atmel/ATmega_DFP/1.7.374/gcc/dev/atmega328p/avr5/crtatmega328p.o
 .debug_info    0x000005f4     0x1e91 driver/atmega328p/source/gpio.o
 .debug_info    0x00002485      0xac6 driver/atmega328p/source/serial.o
 .debug_info    0x00002f4b     0x18fd driver/atmega328p/source/timer.o
 .debug_info    0x00004848     0x251b main.o
 .debug_info    0x00006d63     0x1dc4 ml/source/ml/linreg/linreg.o
 .debug_info    0x00008b27      0x3fb utils/source/utils.o

.debug_abbrev   0x00000000     0x243e
 *(.debug_abbrev)
 .debug_abbrev  0x00000000      0x5a2 C:/Program Files (x86)/Atmel/Studio/7.0/Packs/atmel/ATmega_DFP/1.7.374/gcc/dev/atmega328p/avr5/crtatmega328p.o
 .debug_abbrev  0x000005a2      0x5d4 driver/atmega328p/source/gpio.o
 .debug_abbrev  0x00000b76      0x44b driver/atmega328p/source/serial.o
 .debug_abbrev  0x00000fc1      0x5fe driver/atmega328p/source/timer.o
 .debug_abbrev  0x000015bf      0x6ac main.o
 .debug_abbrev  0x00001c6b      0x5c7 ml/source/ml/linreg/linreg.o
 .debug_abbrev  0x00002232      0x20c utils/source/utils.o

.debug_line     0x00000000     0x2568
 *(.debug_line .debug_line.* .debug_line_end)
 .debug_line    0x00000000      0x134 C:/Program Files (x86)/Atmel/Studio/7.0/Packs/atmel/ATmega_DFP/1.7.374/gcc/dev/atmega328p/avr5/crtatmega328p.o
 .debug_line    0x00000134      0x850 driver/atmega328p/source/gpio.o
 .debug_line    0x00000984      0x2ea driver/atmega328p/source/serial.o
 .debug_line    0x00000c6e      0x847 driver/atmega328p/source/timer.o
 .debug_line    0x000014b5      0x72d main.o
 .debug_line    0x00001be2      0x72a ml/source/ml/linreg/linreg.o
 .debug_line    0x0000230c      0x25c utils/source/utils.o

.debug_frame    0x00000000      0xfe4
 *(.debug_frame)
 .debug_frame   0x00000000      0x408 driver/atmega328p/source/gpio.o
 .debug_frame   0x00000408       0xd8 driver/atmega328p/source/serial.o
 .debug_frame   0x000004e0      0x3f0 driver/atmega328p/source/timer.o
 .debug_frame   0x000008d0      0x324 main.o
 .debug_frame   0x00000bf4      0x33c ml/source/ml/linreg/linreg.o
 .debug_frame   0x00000f30       0xb4 utils/source/utils.o

.debug_str      0x00000000     0x3d64
 *(.debug_str)
 .debug_str     0x00000000      0x208 C:/Program Files (x86)/Atmel/Studio/7.0/Packs/atmel/ATmega_DFP/1.7.374/gcc/dev/atmega328p/avr5/crtatmega328p.o
 .debug_str     0x00000208     0x126f driver/atmega328p/source/gpio.o
                               0x134c (size before relaxing)
 .debug_str     0x00001477      0x55a driver/atmega328p/source/serial.o
                                0x808 (size before relaxing)
 .debug_str     0x000019d1      0x8b8 driver/atmega328p/source/timer.o
                               0x12c5 (size before relaxing)
 .debug_str     0x00002289     0x1692 main.o
                               0x19f2 (size before relaxing)
 .debug_str     0x0000391b      0x32a ml/source/ml/linreg/linreg.o
                               0x1179 (size before relaxing)
 .debug_str     0x00003c45      0x11f utils/source/utils.o
                                0x391 (size before relaxing)

.debug_loc      0x00000000     0x4342
 *(.debug_loc)
 .debug_loc     0x00000000     0x13ca driver/atmega328p/source/gpio.o
 .debug_loc     0x000013ca      0x27a driver/atmega328p/source/serial.o
 .debug_loc     0x00001644      0xe11 driver/atmega328p/source/timer.o
 .debug_loc     0x00002455      0xef8 main.o
 .debug_loc     0x0000334d      0xe17 ml/source/ml/linreg/linreg.o
 .debug_loc     0x00004164      0x1de utils/source/utils.o

.debug_macinfo
 *(.debug_macinfo)

.debug_weaknames
 *(.debug_weaknames)

.debug_funcnames
 *(.debug_funcnames)

.debug_typenames
 *(.debug_typenames)

.debug_varnames
 *(.debug_varnames)

.debug_pubtypes
 *(.debug_pubtypes)

.debug_ranges   0x00000000      0x468
 *(.debug_ranges)
 .debug_ranges  0x00000000       0xf8 driver/atmega328p/source/gpio.o
 .debug_ranges  0x000000f8       0x60 driver/atmega328p/source/serial.o
 .debug_ranges  0x00000158      0x110 driver/atmega328p/source/timer.o
 .debug_ranges  0x00000268       0xb0 main.o
 .debug_ranges  0x00000318       0xf8 ml/source/ml/linreg/linreg.o
 .debug_ranges  0x00000410       0x58 utils/source/utils.o

.debug_macro
 *(.debug_macro)
OUTPUT(ATmega328P_factory.elf elf32-avr)
LOAD linker stubs
