Archive member included to satisfy reference by file (symbol)

c:/program files (x86)/atmel/studio/7.0/toolchain/avr8/avr8-gnu-toolchain/bin/../lib/gcc/avr/5.4.0/../../../../avr/lib/avr5\libm.a(addsf3.o)
                              main.o (__subsf3)
c:/program files (x86)/atmel/studio/7.0/toolchain/avr8/avr8-gnu-toolchain/bin/../lib/gcc/avr/5.4.0/../../../../avr/lib/avr5\libm.a(addsf3x.o)
                              c:/program files (x86)/atmel/studio/7.0/toolchain/avr8/avr8-gnu-toolchain/bin/../lib/gcc/avr/5.4.0/../../../../avr/lib/avr5\libm.a(addsf3.o) (__addsf3x)
c:/program files (x86)/atmel/studio/7.0/toolchain/avr8/avr8-gnu-toolchain/bin/../lib/gcc/avr/5.4.0/../../../../avr/lib/avr5\libm.a(cmpsf2.o)
                              ml/source/ml/linreg/linreg.o (__ltsf2)
c:/program files (x86)/atmel/studio/7.0/toolchain/avr8/avr8-gnu-toolchain/bin/../lib/gcc/avr/5.4.0/../../../../avr/lib/avr5\libm.a(divsf3.o)
                              driver/atmega328p/source/adc.o (__divsf3)
c:/program files (x86)/atmel/studio/7.0/toolchain/avr8/avr8-gnu-toolchain/bin/../lib/gcc/avr/5.4.0/../../../../avr/lib/avr5\libm.a(divsf3x.o)
                              c:/program files (x86)/atmel/studio/7.0/toolchain/avr8/avr8-gnu-toolchain/bin/../lib/gcc/avr/5.4.0/../../../../avr/lib/avr5\libm.a(divsf3.o) (__divsf3x)
c:/program files (x86)/atmel/studio/7.0/toolchain/avr8/avr8-gnu-toolchain/bin/../lib/gcc/avr/5.4.0/../../../../avr/lib/avr5\libm.a(fixsfsi.o)
                              main.o (__fixsfsi)
c:/program files (x86)/atmel/studio/7.0/toolchain/avr8/avr8-gnu-toolchain/bin/../lib/gcc/avr/5.4.0/../../../../avr/lib/avr5\libm.a(fixunssfsi.o)
                              driver/atmega328p/source/timer.o (__fixunssfsi)
c:/program files (x86)/atmel/studio/7.0/toolchain/avr8/avr8-gnu-toolchain/bin/../lib/gcc/avr/5.4.0/../../../../avr/lib/avr5\libm.a(floatsisf.o)
                              driver/atmega328p/source/adc.o (__floatunsisf)
c:/program files (x86)/atmel/studio/7.0/toolchain/avr8/avr8-gnu-toolchain/bin/../lib/gcc/avr/5.4.0/../../../../avr/lib/avr5\libm.a(fp_cmp.o)
                              c:/program files (x86)/atmel/studio/7.0/toolchain/avr8/avr8-gnu-toolchain/bin/../lib/gcc/avr/5.4.0/../../../../avr/lib/avr5\libm.a(cmpsf2.o) (__fp_cmp)
c:/program files (x86)/atmel/studio/7.0/toolchain/avr8/avr8-gnu-toolchain/bin/../lib/gcc/avr/5.4.0/../../../../avr/lib/avr5\libm.a(fp_inf.o)
                              c:/program files (x86)/atmel/studio/7.0/toolchain/avr8/avr8-gnu-toolchain/bin/../lib/gcc/avr/5.4.0/../../../../avr/lib/avr5\libm.a(addsf3x.o) (__fp_inf)
c:/program files (x86)/atmel/studio/7.0/toolchain/avr8/avr8-gnu-toolchain/bin/../lib/gcc/avr/5.4.0/../../../../avr/lib/avr5\libm.a(fp_nan.o)
                              c:/program files (x86)/atmel/studio/7.0/toolchain/avr8/avr8-gnu-toolchain/bin/../lib/gcc/avr/5.4.0/../../../../avr/lib/avr5\libm.a(addsf3x.o) (__fp_nan)
c:/program files (x86)/atmel/studio/7.0/toolchain/avr8/avr8-gnu-toolchain/bin/../lib/gcc/avr/5.4.0/../../../../avr/lib/avr5\libm.a(fp_pscA.o)
                              c:/program files (x86)/atmel/studio/7.0/toolchain/avr8/avr8-gnu-toolchain/bin/../lib/gcc/avr/5.4.0/../../../../avr/lib/avr5\libm.a(addsf3x.o) (__fp_pscA)
c:/program files (x86)/atmel/studio/7.0/toolchain/avr8/avr8-gnu-toolchain/bin/../lib/gcc/avr/5.4.0/../../../../avr/lib/avr5\libm.a(fp_pscB.o)
                              c:/program files (x86)/atmel/studio/7.0/toolchain/avr8/avr8-gnu-toolchain/bin/../lib/gcc/avr/5.4.0/../../../../avr/lib/avr5\libm.a(addsf3x.o) (__fp_pscB)
c:/program files (x86)/atmel/studio/7.0/toolchain/avr8/avr8-gnu-toolchain/bin/../lib/gcc/avr/5.4.0/../../../../avr/lib/avr5\libm.a(fp_round.o)
                              c:/program files (x86)/atmel/studio/7.0/toolchain/avr8/avr8-gnu-toolchain/bin/../lib/gcc/avr/5.4.0/../../../../avr/lib/avr5\libm.a(addsf3.o) (__fp_round)
c:/program files (x86)/atmel/studio/7.0/toolchain/avr8/avr8-gnu-toolchain/bin/../lib/gcc/avr/5.4.0/../../../../avr/lib/avr5\libm.a(fp_split3.o)
                              c:/program files (x86)/atmel/studio/7.0/toolchain/avr8/avr8-gnu-toolchain/bin/../lib/gcc/avr/5.4.0/../../../../avr/lib/avr5\libm.a(addsf3x.o) (__fp_split3)
c:/program files (x86)/atmel/studio/7.0/toolchain/avr8/avr8-gnu-toolchain/bin/../lib/gcc/avr/5.4.0/../../../../avr/lib/avr5\libm.a(fp_zero.o)
                              c:/program files (x86)/atmel/studio/7.0/toolchain/avr8/avr8-gnu-toolchain/bin/../lib/gcc/avr/5.4.0/../../../../avr/lib/avr5\libm.a(addsf3x.o) (__fp_zero)
c:/program files (x86)/atmel/studio/7.0/toolchain/avr8/avr8-gnu-toolchain/bin/../lib/gcc/avr/5.4.0/../../../../avr/lib/avr5\libm.a(gesf2.o)
                              main.o (__gesf2)
c:/program files (x86)/atmel/studio/7.0/toolchain/avr8/avr8-gnu-toolchain/bin/../lib/gcc/avr/5.4.0/../../../../avr/lib/avr5\libm.a(mulsf3.o)
                              driver/atmega328p/source/adc.o (__mulsf3)
[...]
Memory Configuration

Name             Origin             Length             Attributes
text             0x00000000         0x00008000         xr
data             0x00800100         0x00000800         rw !x
eeprom           0x00810000         0x00000400         rw !x
fuse             0x00820000         0x00000003         rw !x
lock             0x00830000         0x00000400         rw !x
signature        0x00840000         0x00000400         rw !x
user_signatures  0x00850000         0x00000400         rw !x
*default*        0x00000000         0xffffffff

Linker script and memory map

Address of section .data set to 0x800100
LOAD C:/Program Files (x86)/Atmel/Studio/7.0/Packs/atmel/ATmega_DFP/1.7.374/gcc/dev/atmega328p/avr5/crtatmega328p.o
LOAD driver/atmega328p/source/adc.o
LOAD driver/atmega328p/source/eeprom.o
LOAD driver/atmega328p/source/gpio.o
LOAD driver/atmega328p/source/serial.o
LOAD driver/atmega328p/source/timer.o
LOAD driver/atmega328p/source/watchdog.o
LOAD main.o
LOAD ml/source/ml/linreg/linreg.o
LOAD target/source/system.o
LOAD utils/source/utils.o
START GROUP
LOAD c:/program files (x86)/atmel/studio/7.0/toolchain/avr8/avr8-gnu-toolchain/bin/../lib/gcc/avr/5.4.0/../../../../avr/lib/avr5\libm.a
END GROUP
LOAD c:/program files (x86)/atmel/studio/7.0/toolchain/avr8/avr8-gnu-toolchain/bin/../lib/gcc/avr/5.4.0/avr5\libgcc.a
LOAD c:/program files (x86)/atmel/studio/7.0/toolchain/avr8/avr8-gnu-toolchain/bin/../lib/gcc/avr/5.4.0/../../../../avr/lib/avr5\libm.a
START GROUP
LOAD c:/program files (x86)/atmel/studio/7.0/toolchain/avr8/avr8-gnu-toolchain/bin/../lib/gcc/avr/5.4.0/avr5\libgcc.a
LOAD c:/program files (x86)/atmel/studio/7.0/toolchain/avr8/avr8-gnu-toolchain/bin/../lib/gcc/avr/5.4.0/../../../../avr/lib/avr5\libm.a
LOAD c:/program files (x86)/atmel/studio/7.0/toolchain/avr8/avr8-gnu-toolchain/bin/../lib/gcc/avr/5.4.0/../../../../avr/lib/avr5\libc.a
LOAD C:/Program Files (x86)/Atmel/Studio/7.0/Packs/atmel/ATmega_DFP/1.7.374/gcc/dev/atmega328p/avr5\libatmega328p.a
END GROUP
                0x00000000                __TEXT_REGION_ORIGIN__ = DEFINED (__TEXT_REGION_ORIGIN__)?__TEXT_REGION_ORIGIN__:0x0
                [0x00800100]                __DATA_REGION_ORIGIN__ = DEFINED (__DATA_REGION_ORIGIN__)?__DATA_REGION_ORIGIN__:0x800060
                [0x00008000]                __TEXT_REGION_LENGTH__ = DEFINED (__TEXT_REGION_LENGTH__)?__TEXT_REGION_LENGTH__:0x20000
                [0x00000800]                __DATA_REGION_LENGTH__ = DEFINED (__DATA_REGION_LENGTH__)?__DATA_REGION_LENGTH__:0xffa0
                [0x00000400]                __EEPROM_REGION_LENGTH__ = DEFINED (__EEPROM_REGION_LENGTH__)?__EEPROM_REGION_LENGTH__:0x10000
                [0x00000003]                __FUSE_REGION_LENGTH__ = DEFINED (__FUSE_REGION_LENGTH__)?__FUSE_REGION_LENGTH__:0x400
                0x00000400                __LOCK_REGION_LENGTH__ = DEFINED (__LOCK_REGION_LENGTH__)?__LOCK_REGION_LENGTH__:0x400
                0x00000400                __SIGNATURE_REGION_LENGTH__ = DEFINED (__SIGNATURE_REGION_LENGTH__)?__SIGNATURE_REGION_LENGTH__:0x400
                0x00000400                __USER_SIGNATURE_REGION_LENGTH__ = DEFINED (__USER_SIGNATURE_REGION_LENGTH__)?__USER_SIGNATURE_REGION_LENGTH__:0x400

.hash
 *(.hash)

.dynsym
 *(.dynsym)

.dynstr
 *(.dynstr)

.gnu.version
 *(.gnu.version)

.gnu.version_d
 *(.gnu.version_d)

.gnu.version_r
 *(.gnu.version_r)

.rel.init
 *(.rel.init)

.rela.init
 *(.rela.init)

.rel.text
 *(.rel.text)
 *(.rel.text.*)
 *(.rel.gnu.linkonce.t*)

.rela.text
 *(.rela.text)
 *(.rela.text.*)
 *(.rela.gnu.linkonce.t*)

.rel.fini
 *(.rel.fini)

.rela.fini
 *(.rela.fini)

.rel.rodata
 *(.rel.rodata)
 *(.rel.rodata.*)
 *(.rel.gnu.linkonce.r*)

.rela.rodata
 *(.rela.rodata)
 *(.rela.rodata.*)
 *(.rela.gnu.linkonce.r*)

.rel.data
 *(.rel.data)
 *(.rel.data.*)
 *(.rel.gnu.linkonce.d*)

.rela.data
 *(.rela.data)
 *(.rela.data.*)
 *(.rela.gnu.linkonce.d*)

.rel.ctors
 *(.rel.ctors)

.rela.ctors
 *(.rela.ctors)

.rel.dtors
 *(.rel.dtors)

.rela.dtors
 *(.rela.dtors)

.rel.got
 *(.rel.got)

.rela.got
 *(.rela.got)

.rel.bss
 *(.rel.bss)

.rela.bss
 *(.rela.bss)

.rel.plt
 *(.rel.plt)

.rela.plt
 *(.rela.plt)

.text           0x00000000     0x369c
 *(.vectors)
 .vectors       0x00000000       0x68 C:/Program Files (x86)/Atmel/Studio/7.0/Packs/atmel/ATmega_DFP/1.7.374/gcc/dev/atmega328p/avr5/crtatmega328p.o
                0x00000000                __vector_default
                0x00000000                __vectors
 *(.vectors)
 *(.progmem.gcc*)
                0x00000068                . = ALIGN (0x2)
                0x00000068                __trampolines_start = .
 *(.trampolines)
 .trampolines   0x00000068        0x0 linker stubs
 *(.trampolines*)
                0x00000068                __trampolines_end = .
 *libprintf_flt.a:*(.progmem.data)
 *libc.a:*(.progmem.data)
 *(.progmem*)
                0x00000068                . = ALIGN (0x2)
 *(.jumptables)
 *(.jumptables*)
 *(.lowtext)
 *(.lowtext*)
                0x00000068                __ctors_start = .
 *(.ctors)
 .ctors         0x00000068        0x2 driver/atmega328p/source/gpio.o
 .ctors         0x0000006a        0x2 driver/atmega328p/source/timer.o
 .ctors         0x0000006c        0x2 main.o
                0x0000006e                __ctors_end = .
                0x0000006e                __dtors_start = .
 *(.dtors)
 .dtors         0x0000006e        0x2 driver/atmega328p/source/gpio.o
 .dtors         0x00000070        0x2 driver/atmega328p/source/timer.o
                0x00000072                __dtors_end = .
 SORT(*)(.ctors)
 SORT(*)(.dtors)
 *(.init0)
 .init0         0x00000072        0x0 C:/Program Files (x86)/Atmel/Studio/7.0/Packs/atmel/ATmega_DFP/1.7.374/gcc/dev/atmega328p/avr5/crtatmega328p.o
                0x00000072                __init
 *(.init0)
 *(.init1)
 *(.init1)
 *(.init2)
 .init2         0x00000072        0xc C:/Program Files (x86)/Atmel/Studio/7.0/Packs/atmel/ATmega_DFP/1.7.374/gcc/dev/atmega328p/avr5/crtatmega328p.o
 *(.init2)
 *(.init3)
 *(.init3)
 *(.init4)
 .init4         0x0000007e       0x16 c:/program files (x86)/atmel/studio/7.0/toolchain/avr8/avr8-gnu-toolchain/bin/../lib/gcc/avr/5.4.0/avr5\libgcc.a(_copy_data.o)
                0x0000007e                __do_copy_data
 .init4         0x00000094       0x10 c:/program files (x86)/atmel/studio/7.0/toolchain/avr8/avr8-gnu-toolchain/bin/../lib/gcc/avr/5.4.0/avr5\libgcc.a(_clear_bss.o)
                0x00000094                __do_clear_bss
 *(.init4)
 *(.init5)
 *(.init5)
 *(.init6)
 .init6         0x000000a4       0x16 c:/program files (x86)/atmel/studio/7.0/toolchain/avr8/avr8-gnu-toolchain/bin/../lib/gcc/avr/5.4.0/avr5\libgcc.a(_ctors.o)
                0x000000a4                __do_global_ctors
 *(.init6)
 *(.init7)
 *(.init7)
 *(.init8)
 *(.init8)
 *(.init9)
 .init9         0x000000ba        0x8 C:/Program Files (x86)/Atmel/Studio/7.0/Packs/atmel/ATmega_DFP/1.7.374/gcc/dev/atmega328p/avr5/crtatmega328p.o
 *(.init9)
 *(.text)
 .text          0x000000c2        0x4 C:/Program Files (x86)/Atmel/Studio/7.0/Packs/atmel/ATmega_DFP/1.7.374/gcc/dev/atmega328p/avr5/crtatmega328p.o
                0x000000c2                __vector_22
                0x000000c2                __vector_1
                0x000000c2                __vector_24
                0x000000c2                __vector_12
                0x000000c2                __bad_interrupt
                0x000000c2                __vector_6
                0x000000c2                __vector_23
                0x000000c2                __vector_25
                0x000000c2                __vector_13
                0x000000c2                __vector_17
                0x000000c2                __vector_19
                0x000000c2                __vector_7
                0x000000c2                __vector_2
                0x000000c2                __vector_21
                0x000000c2                __vector_15
                0x000000c2                __vector_8
                0x000000c2                __vector_14
                0x000000c2                __vector_10
                0x000000c2                __vector_18
                0x000000c2                __vector_20
 .text          0x000000c6       0x64 c:/program files (x86)/atmel/studio/7.0/toolchain/avr8/avr8-gnu-toolchain/bin/../lib/gcc/avr/5.4.0/../../../../avr/lib/avr5\libc.a(atexit.o)
                0x000000ee                atexit
 .text          0x0000012a       0x26 c:/program files (x86)/atmel/studio/7.0/toolchain/avr8/avr8-gnu-toolchain/bin/../lib/gcc/avr/5.4.0/../../../../avr/lib/avr5\libc.a(time.o)
                0x0000012a                time
                0x00000150                . = ALIGN (0x2)
 *(.text.*)
 .text.__tcf_0  0x00000150        0xe driver/atmega328p/source/adc.o
 .text._ZNK6driver10atmega328p3Adc10resolutionEv
                0x0000015e        0x4 driver/atmega328p/source/adc.o
                0x0000015e                _ZNK6driver10atmega328p3Adc10resolutionEv
 .text._ZNK6driver10atmega328p3Adc8maxValueEv
                0x00000162        0x6 driver/atmega328p/source/adc.o
                0x00000162                _ZNK6driver10atmega328p3Adc8maxValueEv
 .text._ZNK6driver10atmega328p3Adc13supplyVoltageEv
                0x00000168        0xa driver/atmega328p/source/adc.o
                0x00000168                _ZNK6driver10atmega328p3Adc13supplyVoltageEv
 .text._ZNK6driver10atmega328p3Adc4readEh
                0x00000172       0xa8 driver/atmega328p/source/adc.o
                0x00000172                _ZNK6driver10atmega328p3Adc4readEh
 .text._ZNK6driver10atmega328p3Adc9dutyCycleEh
                0x0000021a       0x1c driver/atmega328p/source/adc.o
                0x0000021a                _ZNK6driver10atmega328p3Adc9dutyCycleEh
 .text._ZNK6driver10atmega328p3Adc12inputVoltageEh
                0x00000236       0x12 driver/atmega328p/source/adc.o
                0x00000236                _ZNK6driver10atmega328p3Adc12inputVoltageEh
 .text._ZNK6driver10atmega328p3Adc13isInitializedEv
                0x00000248        0x4 driver/atmega328p/source/adc.o
                0x00000248                _ZNK6driver10atmega328p3Adc13isInitializedEv
 .text._ZNK6driver10atmega328p3Adc9isEnabledEv
                0x0000024c        0x6 driver/atmega328p/source/adc.o
                0x0000024c                _ZNK6driver10atmega328p3Adc9isEnabledEv
 .text._ZN6driver10atmega328p3Adc10setEnabledEb
                0x00000252        0x6 driver/atmega328p/source/adc.o
                0x00000252                _ZN6driver10atmega328p3Adc10setEnabledEb
 .text._ZN6driver10atmega328p3AdcD2Ev
                0x00000258        0xc driver/atmega328p/source/adc.o
                0x00000258                _ZN6driver10atmega328p3AdcD2Ev
                0x00000258                _ZN6driver10atmega328p3AdcD1Ev
 .text._ZN6driver10atmega328p3AdcD0Ev
                0x00000264       0x14 driver/atmega328p/source/adc.o
                0x00000264                _ZN6driver10atmega328p3AdcD0Ev
 .text._ZN6driver10atmega328p3AdcC2Ev
                0x00000278       0x14 driver/atmega328p/source/adc.o
                0x00000278                _ZN6driver10atmega328p3AdcC1Ev
                0x00000278                _ZN6driver10atmega328p3AdcC2Ev
 .text._ZN6driver10atmega328p3Adc11getInstanceEv
                0x0000028c       0x32 driver/atmega328p/source/adc.o
                0x0000028c                _ZN6driver10atmega328p3Adc11getInstanceEv
 .text.__tcf_0  0x000002be        0xe driver/atmega328p/source/eeprom.o
 .text._ZNK6driver10atmega328p6Eeprom13isInitializedEv
                0x000002cc        0x4 driver/atmega328p/source/eeprom.o
                0x000002cc                _ZNK6driver10atmega328p6Eeprom13isInitializedEv
 .text._ZNK6driver10atmega328p6Eeprom9isEnabledEv
                0x000002d0        0x6 driver/atmega328p/source/eeprom.o
                0x000002d0                _ZNK6driver10atmega328p6Eeprom9isEnabledEv
 .text._ZN6driver10atmega328p6Eeprom10setEnabledEb
                0x000002d6        0x6 driver/atmega328p/source/eeprom.o
                0x000002d6                _ZN6driver10atmega328p6Eeprom10setEnabledEb
 .text._ZNK6driver10atmega328p6Eeprom14isAddressValidEjh
                0x000002dc       0x10 driver/atmega328p/source/eeprom.o
                0x000002dc                _ZNK6driver10atmega328p6Eeprom14isAddressValidEjh
 .text._ZNK6driver10atmega328p6Eeprom8readByteEj
                0x000002ec       0x42 driver/atmega328p/source/eeprom.o
                0x000002ec                _ZNK6driver10atmega328p6Eeprom8readByteEj
 .text._ZN6driver10atmega328p6EepromD2Ev
                0x0000032e        0xc driver/atmega328p/source/eeprom.o
                0x0000032e                _ZN6driver10atmega328p6EepromD2Ev
                0x0000032e                _ZN6driver10atmega328p6EepromD1Ev
 .text._ZN6driver10atmega328p6EepromD0Ev
                0x0000033a       0x14 driver/atmega328p/source/eeprom.o
                0x0000033a                _ZN6driver10atmega328p6EepromD0Ev
 .text._ZNK6driver10atmega328p6Eeprom9writeByteEjh
                0x0000034e       0x5a driver/atmega328p/source/eeprom.o
                0x0000034e                _ZNK6driver10atmega328p6Eeprom9writeByteEjh
 .text._ZN6driver10atmega328p6EepromC2Ev
                0x000003a8        0xe driver/atmega328p/source/eeprom.o
                0x000003a8                _ZN6driver10atmega328p6EepromC2Ev
                0x000003a8                _ZN6driver10atmega328p6EepromC1Ev
 .text._ZN6driver10atmega328p6Eeprom11getInstanceEv
                0x000003b6       0x32 driver/atmega328p/source/eeprom.o
                0x000003b6                _ZN6driver10atmega328p6Eeprom11getInstanceEv
 .text._ZNK6driver10atmega328p4Gpio13isInitializedEv
                0x000003e8       0x12 driver/atmega328p/source/gpio.o
                0x000003e8                _ZNK6driver10atmega328p4Gpio13isInitializedEv
 .text._ZNK6driver10atmega328p4Gpio4readEv
                0x000003fa       0x34 driver/atmega328p/source/gpio.o
                0x000003fa                _ZNK6driver10atmega328p4Gpio4readEv
 .text._ZN6driver10atmega328p4Gpio5writeEb
                0x0000042e       0x66 driver/atmega328p/source/gpio.o
                0x0000042e                _ZN6driver10atmega328p4Gpio5writeEb
 .text._ZN6driver10atmega328p4Gpio6toggleEv
                0x00000494       0x36 driver/atmega328p/source/gpio.o
                0x00000494                _ZN6driver10atmega328p4Gpio6toggleEv
 .text._ZN6driver10atmega328p4Gpio21enableInterruptOnPortEb
                0x000004ca       0x62 driver/atmega328p/source/gpio.o
                0x000004ca                _ZN6driver10atmega328p4Gpio21enableInterruptOnPortEb
 .text._ZN6driver10atmega328p4Gpio15enableInterruptEb
                0x0000052c       0x94 driver/atmega328p/source/gpio.o
                0x0000052c                _ZN6driver10atmega328p4Gpio15enableInterruptEb
 .text._ZN6driver10atmega328p4GpioD2Ev
                0x000005c0       0xea driver/atmega328p/source/gpio.o
                0x000005c0                _ZN6driver10atmega328p4GpioD1Ev
                0x000005c0                _ZN6driver10atmega328p4GpioD2Ev
 .text._ZN6driver10atmega328p4GpioD0Ev
                0x000006aa       0x1a driver/atmega328p/source/gpio.o
                0x000006aa                _ZN6driver10atmega328p4GpioD0Ev
 .text._ZN6driver10atmega328p4Gpio12initHardwareEh
                0x000006c4       0x46 driver/atmega328p/source/gpio.o
                0x000006c4                _ZN6driver10atmega328p4Gpio12initHardwareEh
 .text._ZN6driver10atmega328p4Gpio7reserveEhNS1_9DirectionE
                0x0000070a       0xd4 driver/atmega328p/source/gpio.o
                0x0000070a                _ZN6driver10atmega328p4Gpio7reserveEhNS1_9DirectionE
 .text._ZN6driver10atmega328p4Gpio12setDirectionENS1_9DirectionE
                0x000007de       0x6a driver/atmega328p/source/gpio.o
                0x000007de                _ZN6driver10atmega328p4Gpio12setDirectionENS1_9DirectionE
 .text._ZN9container5ArrayIPFvvELj3EEC2Ev
                0x00000848        0xc driver/atmega328p/source/gpio.o
                0x00000848                _ZN9container5ArrayIPFvvELj3EEC2Ev
                0x00000848                _ZN9container5ArrayIPFvvELj3EEC1Ev
 .text._ZN9container13CallbackArrayILj3EEC2Ev
                0x00000854        0x6 driver/atmega328p/source/gpio.o
                0x00000854                _ZN9container13CallbackArrayILj3EEC2Ev
                0x00000854                _ZN9container13CallbackArrayILj3EEC1Ev
 .text._ZNK9container13CallbackArrayILj3EE12isIndexValidEj
                0x0000085a        0xc driver/atmega328p/source/gpio.o
                0x0000085a                _ZNK9container13CallbackArrayILj3EE12isIndexValidEj
 .text._ZN9container13CallbackArrayILj3EE3addEPFvvEj
                0x00000866       0x4e driver/atmega328p/source/gpio.o
                0x00000866                _ZN9container13CallbackArrayILj3EE3addEPFvvEj
 .text._ZNK6driver10atmega328p4Gpio11setCallbackEPFvvE
                0x000008b4       0x52 driver/atmega328p/source/gpio.o
                0x000008b4                _ZNK6driver10atmega328p4Gpio11setCallbackEPFvvE
 .text._ZN6driver10atmega328p4GpioC2EhNS1_9DirectionEPFvvE
                0x00000906       0x92 driver/atmega328p/source/gpio.o
                0x00000906                _ZN6driver10atmega328p4GpioC2EhNS1_9DirectionEPFvvE
                0x00000906                _ZN6driver10atmega328p4GpioC1EhNS1_9DirectionEPFvvE
 .text._ZNK9container13CallbackArrayILj3EE17isCallbackDefinedEj
                0x00000998       0x18 driver/atmega328p/source/gpio.o
                0x00000998                _ZNK9container13CallbackArrayILj3EE17isCallbackDefinedEj
 .text._ZN9container13CallbackArrayILj3EE6invokeEj
                0x000009b0       0x4e driver/atmega328p/source/gpio.o
                0x000009b0                _ZN9container13CallbackArrayILj3EE6invokeEj
 .text.__vector_3
                0x000009fe       0x50 driver/atmega328p/source/gpio.o
                0x000009fe                __vector_3
 .text.__vector_4
                0x00000a4e       0x50 driver/atmega328p/source/gpio.o
                0x00000a4e                __vector_4
 .text.__vector_5
                0x00000a9e       0x50 driver/atmega328p/source/gpio.o
                0x00000a9e                __vector_5
 .text._Z41__static_initialization_and_destruction_0ii
                0x00000aee       0x14 driver/atmega328p/source/gpio.o
 .text._GLOBAL__sub_I__ZN6driver10atmega328p4Gpio9myHwPortBE
                0x00000b02        0xe driver/atmega328p/source/gpio.o
 .text._GLOBAL__sub_D__ZN6driver10atmega328p4Gpio9myHwPortBE
                0x00000b10        0xe driver/atmega328p/source/gpio.o
 .text._ZN6driver10atmega328p12_GLOBAL__N_112transmitCharEc
                0x00000b1e       0x3c driver/atmega328p/source/serial.o
 .text.__tcf_0  0x00000b5a        0xe driver/atmega328p/source/serial.o
 .text._ZNK6driver10atmega328p6Serial12baudRate_bpsEv
                0x00000b68        0xa driver/atmega328p/source/serial.o
                0x00000b68                _ZNK6driver10atmega328p6Serial12baudRate_bpsEv
 .text._ZNK6driver10atmega328p6Serial13isInitializedEv
                0x00000b72        0x4 driver/atmega328p/source/serial.o
                0x00000b72                _ZNK6driver10atmega328p6Serial13isInitializedEv
 .text._ZNK6driver10atmega328p6Serial9isEnabledEv
                0x00000b76        0x6 driver/atmega328p/source/serial.o
                0x00000b76                _ZNK6driver10atmega328p6Serial9isEnabledEv
 .text._ZN6driver10atmega328p6Serial10setEnabledEb
                0x00000b7c        0x6 driver/atmega328p/source/serial.o
                0x00000b7c                _ZN6driver10atmega328p6Serial10setEnabledEb
 .text._ZNK6driver10atmega328p6Serial5printEPKc
                0x00000b82       0x2e driver/atmega328p/source/serial.o
                0x00000b82                _ZNK6driver10atmega328p6Serial5printEPKc
 .text._ZN6driver10atmega328p6SerialD2Ev
                0x00000bb0        0xc driver/atmega328p/source/serial.o
                0x00000bb0                _ZN6driver10atmega328p6SerialD2Ev
                0x00000bb0                _ZN6driver10atmega328p6SerialD1Ev
 .text._ZN6driver10atmega328p6SerialD0Ev
                0x00000bbc       0x14 driver/atmega328p/source/serial.o
                0x00000bbc                _ZN6driver10atmega328p6SerialD0Ev
 .text._ZN6driver10atmega328p6SerialC2Ev
                0x00000bd0       0x3a driver/atmega328p/source/serial.o
                0x00000bd0                _ZN6driver10atmega328p6SerialC1Ev
                0x00000bd0                _ZN6driver10atmega328p6SerialC2Ev
 .text._ZN6driver10atmega328p6Serial11getInstanceEv
                0x00000c0a       0x32 driver/atmega328p/source/serial.o
                0x00000c0a                _ZN6driver10atmega328p6Serial11getInstanceEv
 .text._ZNK6driver10atmega328p5Timer13isInitializedEv
                0x00000c3c       0x12 driver/atmega328p/source/timer.o
                0x00000c3c                _ZNK6driver10atmega328p5Timer13isInitializedEv
 .text._ZNK6driver10atmega328p5Timer9isEnabledEv
                0x00000c4e        0x6 driver/atmega328p/source/timer.o
                0x00000c4e                _ZNK6driver10atmega328p5Timer9isEnabledEv
 .text._ZN6driver10atmega328p5Timer11hasTimedOutEv
                0x00000c54       0x50 driver/atmega328p/source/timer.o
                0x00000c54                _ZN6driver10atmega328p5Timer11hasTimedOutEv
 .text._ZNK6driver10atmega328p5Timer10timeout_msEv
                0x00000ca4       0x2c driver/atmega328p/source/timer.o
                0x00000ca4                _ZNK6driver10atmega328p5Timer10timeout_msEv
 .text._ZN6driver10atmega328p5Timer4stopEv
                0x00000cd0       0x18 driver/atmega328p/source/timer.o
                0x00000cd0                _ZN6driver10atmega328p5Timer4stopEv
 .text._ZN6driver10atmega328p5Timer13setTimeout_msEm
                0x00000ce8       0x6a driver/atmega328p/source/timer.o
                0x00000ce8                _ZN6driver10atmega328p5Timer13setTimeout_msEm
 .text._ZN6driver10atmega328p5Timer5startEv
                0x00000d52       0x50 driver/atmega328p/source/timer.o
                0x00000d52                _ZN6driver10atmega328p5Timer5startEv
 .text._ZN6driver10atmega328p5Timer6toggleEv
                0x00000da2       0x14 driver/atmega328p/source/timer.o
                0x00000da2                _ZN6driver10atmega328p5Timer6toggleEv
 .text._ZN6driver10atmega328p5Timer7restartEv
                0x00000db6       0x18 driver/atmega328p/source/timer.o
                0x00000db6                _ZN6driver10atmega328p5Timer7restartEv
 .text._ZN6driver10atmega328p5Timer9incrementEv
                0x00000dce       0x28 driver/atmega328p/source/timer.o
                0x00000dce                _ZN6driver10atmega328p5Timer9incrementEv
 .text._ZN6driver10atmega328p5Timer8Hardware7releaseEPS2_
                0x00000df6       0x3c driver/atmega328p/source/timer.o
                0x00000df6                _ZN6driver10atmega328p5Timer8Hardware7releaseEPS2_
 .text._ZN6driver10atmega328p5Timer8Hardware4initEh
                0x00000e32       0x7e driver/atmega328p/source/timer.o
                0x00000e32                _ZN6driver10atmega328p5Timer8Hardware4initEh
 .text._ZN6driver10atmega328p5Timer8Hardware7reserveEv
                0x00000eb0       0x2a driver/atmega328p/source/timer.o
                0x00000eb0                _ZN6driver10atmega328p5Timer8Hardware7reserveEv
 .text._ZNK6driver10atmega328p5Timer11addCallbackEPFvvE
                0x00000eda       0x18 driver/atmega328p/source/timer.o
                0x00000eda                _ZNK6driver10atmega328p5Timer11addCallbackEPFvvE
 .text._ZN6driver10atmega328p5TimerC2EmPFvvEb
                0x00000ef2       0xb4 driver/atmega328p/source/timer.o
                0x00000ef2                _ZN6driver10atmega328p5TimerC2EmPFvvEb
                0x00000ef2                _ZN6driver10atmega328p5TimerC1EmPFvvEb
 .text._ZN9container13CallbackArrayILj3EE6removeEj
                0x00000fa6       0x2a driver/atmega328p/source/timer.o
                0x00000fa6                _ZN9container13CallbackArrayILj3EE6removeEj
 .text._ZNK6driver10atmega328p5Timer14removeCallbackEv
                0x00000fd0       0x18 driver/atmega328p/source/timer.o
                0x00000fd0                _ZNK6driver10atmega328p5Timer14removeCallbackEv
 .text._ZN6driver10atmega328p5TimerD2Ev
                0x00000fe8       0x3e driver/atmega328p/source/timer.o
                0x00000fe8                _ZN6driver10atmega328p5TimerD1Ev
                0x00000fe8                _ZN6driver10atmega328p5TimerD2Ev
 .text._ZN6driver10atmega328p5TimerD0Ev
                0x00001026       0x1a driver/atmega328p/source/timer.o
                0x00001026                _ZN6driver10atmega328p5TimerD0Ev
 .text._ZN6driver10atmega328p12_GLOBAL__N_114invokeCallbackEh
                0x00001040       0x46 driver/atmega328p/source/timer.o
 .text.__vector_16
                0x00001086       0x4a driver/atmega328p/source/timer.o
                0x00001086                __vector_16
 .text.__vector_11
                0x000010d0       0x4a driver/atmega328p/source/timer.o
                0x000010d0                __vector_11
 .text.__vector_9
                0x0000111a       0x4a driver/atmega328p/source/timer.o
                0x0000111a                __vector_9
 .text._Z41__static_initialization_and_destruction_0ii
                0x00001164       0x14 driver/atmega328p/source/timer.o
 .text._GLOBAL__sub_I__ZN6driver10atmega328p5TimerC2EmPFvvEb
                0x00001178        0xe driver/atmega328p/source/timer.o
 .text._GLOBAL__sub_D__ZN6driver10atmega328p5TimerC2EmPFvvEb
                0x00001186        0xe driver/atmega328p/source/timer.o
 .text._ZN6driver10atmega328p12_GLOBAL__N_112timeoutValueENS0_8Watchdog7TimeoutE
                0x00001194       0x7c driver/atmega328p/source/watchdog.o
 .text.__tcf_0  0x00001210        0xe driver/atmega328p/source/watchdog.o
 .text._ZNK6driver10atmega328p8Watchdog13isInitializedEv
                0x0000121e        0x4 driver/atmega328p/source/watchdog.o
                0x0000121e                _ZNK6driver10atmega328p8Watchdog13isInitializedEv
 .text._ZNK6driver10atmega328p8Watchdog9isEnabledEv
                0x00001222        0x6 driver/atmega328p/source/watchdog.o
                0x00001222                _ZNK6driver10atmega328p8Watchdog9isEnabledEv
 .text._ZNK6driver10atmega328p8Watchdog9timeoutMsEv
                0x00001228        0x8 driver/atmega328p/source/watchdog.o
                0x00001228                _ZNK6driver10atmega328p8Watchdog9timeoutMsEv
 .text._ZN6driver10atmega328p8WatchdogD2Ev
                0x00001230        0xc driver/atmega328p/source/watchdog.o
                0x00001230                _ZN6driver10atmega328p8WatchdogD1Ev
                0x00001230                _ZN6driver10atmega328p8WatchdogD2Ev
 .text._ZN6driver10atmega328p8WatchdogD0Ev
                0x0000123c       0x14 driver/atmega328p/source/watchdog.o
                0x0000123c                _ZN6driver10atmega328p8WatchdogD0Ev
 .text._ZN6driver10atmega328p8Watchdog5resetEv
                0x00001250       0x12 driver/atmega328p/source/watchdog.o
                0x00001250                _ZN6driver10atmega328p8Watchdog5resetEv
 .text._ZN6driver10atmega328p8Watchdog10setEnabledEb
                0x00001262       0x3a driver/atmega328p/source/watchdog.o
                0x00001262                _ZN6driver10atmega328p8Watchdog10setEnabledEb
 .text._ZN6driver10atmega328p8Watchdog10setTimeoutENS1_7TimeoutE
                0x0000129c       0x4e driver/atmega328p/source/watchdog.o
                0x0000129c                _ZN6driver10atmega328p8Watchdog10setTimeoutENS1_7TimeoutE
 .text._ZN6driver10atmega328p8WatchdogC2Ev
                0x000012ea       0x1a driver/atmega328p/source/watchdog.o
                0x000012ea                _ZN6driver10atmega328p8WatchdogC1Ev
                0x000012ea                _ZN6driver10atmega328p8WatchdogC2Ev
 .text._ZN6driver10atmega328p8Watchdog11getInstanceEv
                0x00001304       0x32 driver/atmega328p/source/watchdog.o
                0x00001304                _ZN6driver10atmega328p8Watchdog11getInstanceEv
 .text._ZN12_GLOBAL__N_120predictTimerCallbackEv
                0x00001336        0xe main.o
 .text._ZN12_GLOBAL__N_121debounceTimerCallbackEv
                0x00001344        0xe main.o
 .text._ZN12_GLOBAL__N_114buttonCallbackEv
                0x00001352        0xe main.o
 .text._Z41__static_initialization_and_destruction_0ii
                0x00001360       0x18 main.o
 .text._ZNK9container6VectorIdE5emptyEv
                0x00001378       0x10 main.o
                0x00001378                _ZNK9container6VectorIdE5emptyEv
 .text._ZNK6driver15SerialInterface6printfIJEEEbPKcDpRKT_
                0x00001388       0x1c main.o
                0x00001388                _ZNK6driver15SerialInterface6printfIJEEEbPKcDpRKT_
                0x00001388                _ZNK6driver15SerialInterface6printfIIEEEbPKcDpRKT_
 .text._ZNK9container6VectorIdE5beginEv
                0x000013a4        0xe main.o
                0x000013a4                _ZNK9container6VectorIdE5beginEv
 .text._ZNK9container6VectorIdE3endEv
                0x000013b2       0x1e main.o
                0x000013b2                _ZNK9container6VectorIdE3endEv
 .text._ZNK6driver15SerialInterface6printfIJiiEEEbPKcDpRKT_
                0x000013d0       0xaa main.o
                0x000013d0                _ZNK6driver15SerialInterface6printfIIiiEEEbPKcDpRKT_
                0x000013d0                _ZNK6driver15SerialInterface6printfIJiiEEEbPKcDpRKT_
 .text._ZNK6driver15SerialInterface6printfIJiEEEbPKcDpRKT_
                0x0000147a       0x92 main.o
                0x0000147a                _ZNK6driver15SerialInterface6printfIJiEEEbPKcDpRKT_
                0x0000147a                _ZNK6driver15SerialInterface6printfIIiEEEbPKcDpRKT_
 .text._ZN12_GLOBAL__N_116printPredictionsERKN2ml6linreg9InterfaceERKN9container6VectorIdEE
                0x0000150c      0x1c4 main.o
 .text._ZN9container6VectorIdEC2Ev
                0x000016d0        0xc main.o
                0x000016d0                _ZN9container6VectorIdEC2Ev
                0x000016d0                _ZN9container6VectorIdEC1Ev
 .text._ZN9container6VectorIdE5clearEv
                0x000016dc       0x1c main.o
                0x000016dc                _ZN9container6VectorIdE5clearEv
 .text._ZN9container6VectorIdED2Ev
                0x000016f8        0x6 main.o
                0x000016f8                _ZN9container6VectorIdED2Ev
                0x000016f8                _ZN9container6VectorIdED1Ev
 .text._ZN9container6VectorIdE6resizeEj
                0x000016fe       0x38 main.o
                0x000016fe                _ZN9container6VectorIdE6resizeEj
 .text._ZN9container6VectorIdE6assignILj11EEEvRAT__Kdj
                0x00001736       0x60 main.o
                0x00001736                _ZN9container6VectorIdE6assignILj11EEEvRAT__Kdj
 .text._ZN9container6VectorIdE9addValuesILj11EEEbRAT__Kd
                0x00001796       0x42 main.o
                0x00001796                _ZN9container6VectorIdE9addValuesILj11EEEbRAT__Kd
 .text._ZN9container6VectorIdEC2IJdddddddddddEEEDpOKT_
                0x000017d8      0x15a main.o
                0x000017d8                _ZN9container6VectorIdEC2IIdddddddddddEEEDpOKT_
                0x000017d8                _ZN9container6VectorIdEC2IJdddddddddddEEEDpOKT_
                0x000017d8                _ZN9container6VectorIdEC1IIdddddddddddEEEDpOKT_
                0x000017d8                _ZN9container6VectorIdEC1IJdddddddddddEEEDpOKT_
 .text._ZN9container6VectorIjE5clearEv
                0x00001932       0x1c main.o
                0x00001932                _ZN9container6VectorIjE5clearEv
 .text._ZN9container6VectorIjED2Ev
                0x0000194e        0x6 main.o
                0x0000194e                _ZN9container6VectorIjED1Ev
                0x0000194e                _ZN9container6VectorIjED2Ev
 .text._ZN2ml6linreg6LinRegD2Ev
                0x00001954       0x34 main.o
                0x00001954                _ZN2ml6linreg6LinRegD2Ev
                0x00001954                _ZN2ml6linreg6LinRegD1Ev
 .text._ZN2ml6linreg6LinRegD0Ev
                0x00001988       0x3e main.o
                0x00001988                _ZN2ml6linreg6LinRegD0Ev
 .text._GLOBAL__sub_I_main
                0x000019c6        0xe main.o
 .text.main     0x000019d4      0x40a main.o
                0x000019d4                main
 .text._ZNK2ml6linreg6LinReg7predictEd
                0x00001dde       0x28 ml/source/ml/linreg/linreg.o
                0x00001dde                _ZNK2ml6linreg6LinReg7predictEd
 .text._ZNK2ml6linreg6LinReg13getEpochsUsedEv
                0x00001e06       0x10 ml/source/ml/linreg/linreg.o
                0x00001e06                _ZNK2ml6linreg6LinReg13getEpochsUsedEv
 .text._ZNK2ml6linreg6LinReg7getBiasEv
                0x00001e16        0xc ml/source/ml/linreg/linreg.o
                0x00001e16                _ZNK2ml6linreg6LinReg7getBiasEv
 .text._ZNK2ml6linreg6LinReg9getWeightEv
                0x00001e22        0xc ml/source/ml/linreg/linreg.o
                0x00001e22                _ZNK2ml6linreg6LinReg9getWeightEv
 .text._ZN2ml6linreg12_GLOBAL__N_110initRandomEv
                0x00001e2e       0x1e ml/source/ml/linreg/linreg.o
 .text._ZN2ml6linreg12_GLOBAL__N_114randomStartValEv
                0x00001e4c       0x1e ml/source/ml/linreg/linreg.o
 .text._ZNK9container6VectorIjE4sizeEv
                0x00001e6a        0x8 ml/source/ml/linreg/linreg.o
                0x00001e6a                _ZNK9container6VectorIjE4sizeEv
 .text._ZN9container6VectorIjEixEj
                0x00001e72       0x10 ml/source/ml/linreg/linreg.o
                0x00001e72                _ZN9container6VectorIjEixEj
 .text._ZN2ml6linreg12_GLOBAL__N_17shuffleERN9container6VectorIjEE
                0x00001e82       0x8a ml/source/ml/linreg/linreg.o
 .text._ZNK9container6VectorIdE4sizeEv
                0x00001f0c        0x8 ml/source/ml/linreg/linreg.o
                0x00001f0c                _ZNK9container6VectorIdE4sizeEv
 .text._ZN9container6VectorIjEC2Ev
                0x00001f14        0xc ml/source/ml/linreg/linreg.o
                0x00001f14                _ZN9container6VectorIjEC2Ev
                0x00001f14                _ZN9container6VectorIjEC1Ev
 .text._ZN9container6VectorIjE6resizeEj
                0x00001f20       0x34 ml/source/ml/linreg/linreg.o
                0x00001f20                _ZN9container6VectorIjE6resizeEj
 .text._ZNK9container6VectorIdEixEj
                0x00001f54       0x14 ml/source/ml/linreg/linreg.o
                0x00001f54                _ZNK9container6VectorIdEixEj
 .text._ZNK2ml6linreg6LinReg13isPredictDoneEv
                0x00001f68       0x9c ml/source/ml/linreg/linreg.o
                0x00001f68                _ZNK2ml6linreg6LinReg13isPredictDoneEv
 .text._ZN9container6VectorIdEixEj
                0x00002004       0x14 ml/source/ml/linreg/linreg.o
                0x00002004                _ZN9container6VectorIdEixEj
 .text._ZN2ml6linreg6LinReg16trainWithNoEpochEd
                0x00002018      0x1c4 ml/source/ml/linreg/linreg.o
                0x00002018                _ZN2ml6linreg6LinReg16trainWithNoEpochEd
 .text._ZN9container6VectorIdEC2Ej
                0x000021dc       0x22 ml/source/ml/linreg/linreg.o
                0x000021dc                _ZN9container6VectorIdEC1Ej
                0x000021dc                _ZN9container6VectorIdEC2Ej
 .text._ZN2ml6linreg6LinRegC2ERKN9container6VectorIdEES6_RN6driver15SerialInterfaceE
                0x000021fe       0xee ml/source/ml/linreg/linreg.o
                0x000021fe                _ZN2ml6linreg6LinRegC1ERKN9container6VectorIdEES6_RN6driver15SerialInterfaceE
                0x000021fe                _ZN2ml6linreg6LinRegC2ERKN9container6VectorIdEES6_RN6driver15SerialInterfaceE
 .text._ZN6target6SystemC2ERN6driver13GpioInterfaceES3_RNS1_14TimerInterfaceES5_RNS1_15SerialInterfaceERNS1_17WatchdogInterfaceERNS1_15EepromInterfaceERNS1_12AdcInterfaceERN2ml6linreg9InterfaceEh
                0x000022ec       0xfa target/source/system.o
                0x000022ec                _ZN6target6SystemC2ERN6driver13GpioInterfaceES3_RNS1_14TimerInterfaceES5_RNS1_15SerialInterfaceERNS1_17WatchdogInterfaceERNS1_15EepromInterfaceERNS1_12AdcInterfaceERN2ml6linreg9InterfaceEh
                0x000022ec                _ZN6target6SystemC1ERN6driver13GpioInterfaceES3_RNS1_14TimerInterfaceES5_RNS1_15SerialInterfaceERNS1_17WatchdogInterfaceERNS1_15EepromInterfaceERNS1_12AdcInterfaceERN2ml6linreg9InterfaceEh
 .text._ZN6target6SystemD2Ev
                0x000023e6       0x6c target/source/system.o
                0x000023e6                _ZN6target6SystemD2Ev
                0x000023e6                _ZN6target6SystemD1Ev
 .text._ZN6target6System28handleDebounceTimerInterruptEv
                0x00002452       0x32 target/source/system.o
                0x00002452                _ZN6target6System28handleDebounceTimerInterruptEv
 .text._ZN6target6System27handlepredictTimerInterruptEv
                0x00002484        0x2 target/source/system.o
                0x00002484                _ZN6target6System27handlepredictTimerInterruptEv
 .text._ZN6target6System3runEv
                0x00002486       0x22 target/source/system.o
                0x00002486                _ZN6target6System3runEv
 .text._ZN6target6System19handleButtonPressedEv
                0x000024a8       0xde target/source/system.o
                0x000024a8                _ZN6target6System19handleButtonPressedEv
 .text._ZN6target6System21handleButtonInterruptEv
                0x00002586       0x4e target/source/system.o
                0x00002586                _ZN6target6System21handleButtonInterruptEv
 .text._ZN5utils21globalInterruptEnableEv
                0x000025d4        0x4 utils/source/utils.o
                0x000025d4                _ZN5utils21globalInterruptEnableEv
 .text._ZN5utils22globalInterruptDisableEv
                0x000025d8        0x4 utils/source/utils.o
                0x000025d8                _ZN5utils22globalInterruptDisableEv
 .text._ZdlPvj  0x000025dc        0x2 utils/source/utils.o
                0x000025dc                _ZdlPvj
 .text.__cxa_pure_virtual
                0x000025de        0x2 utils/source/utils.o
                0x000025de                __cxa_pure_virtual
 .text.__cxa_guard_acquire
                0x000025e0       0x12 utils/source/utils.o
                0x000025e0                __cxa_guard_acquire
 .text.__cxa_guard_release
                0x000025f2        0x8 utils/source/utils.o
                0x000025f2                __cxa_guard_release
 .text.avr-libc.fplib
                0x000025fa        0xe c:/program files (x86)/atmel/studio/7.0/toolchain/avr8/avr8-gnu-toolchain/bin/../lib/gcc/avr/5.4.0/../../../../avr/lib/avr5\libm.a(addsf3.o)
                0x000025fa                __subsf3
                0x000025fc                __addsf3
 .text.avr-libc.fplib
                0x00002608       0xcc c:/program files (x86)/atmel/studio/7.0/toolchain/avr8/avr8-gnu-toolchain/bin/../lib/gcc/avr/5.4.0/../../../../avr/lib/avr5\libm.a(addsf3x.o)
                0x0000262a                __addsf3x
 .text.avr-libc.fplib
                0x000026d4        0xa c:/program files (x86)/atmel/studio/7.0/toolchain/avr8/avr8-gnu-toolchain/bin/../lib/gcc/avr/5.4.0/../../../../avr/lib/avr5\libm.a(cmpsf2.o)
                0x000026d4                __nesf2
                0x000026d4                __eqsf2
                0x000026d4                __cmpsf2
                0x000026d4                __ltsf2
                0x000026d4                __lesf2
 .text.avr-libc.fplib
                0x000026de        0x8 c:/program files (x86)/atmel/studio/7.0/toolchain/avr8/avr8-gnu-toolchain/bin/../lib/gcc/avr/5.4.0/../../../../avr/lib/avr5\libm.a(divsf3.o)
                0x000026de                __divsf3
 .text.avr-libc.fplib
                0x000026e6       0xdc c:/program files (x86)/atmel/studio/7.0/toolchain/avr8/avr8-gnu-toolchain/bin/../lib/gcc/avr/5.4.0/../../../../avr/lib/avr5\libm.a(divsf3x.o)
                0x00002706                __divsf3x
                0x0000270c                __divsf3_pse
 .text.avr-libc.fplib
                0x000027c2        0xe c:/program files (x86)/atmel/studio/7.0/toolchain/avr8/avr8-gnu-toolchain/bin/../lib/gcc/avr/5.4.0/../../../../avr/lib/avr5\libm.a(fixsfsi.o)
                0x000027c2                __fixsfsi
 .text.avr-libc.fplib
                0x000027d0       0x5e c:/program files (x86)/atmel/studio/7.0/toolchain/avr8/avr8-gnu-toolchain/bin/../lib/gcc/avr/5.4.0/../../../../avr/lib/avr5\libm.a(fixunssfsi.o)
                0x000027d0                __fixunssfsi
 .text.avr-libc.fplib
                0x0000282e       0x7a c:/program files (x86)/atmel/studio/7.0/toolchain/avr8/avr8-gnu-toolchain/bin/../lib/gcc/avr/5.4.0/../../../../avr/lib/avr5\libm.a(floatsisf.o)
                0x0000282e                __floatunsisf
                0x00002832                __floatsisf
 .text.avr-libc.fplib
                0x000028a8       0x48 c:/program files (x86)/atmel/studio/7.0/toolchain/avr8/avr8-gnu-toolchain/bin/../lib/gcc/avr/5.4.0/../../../../avr/lib/avr5\libm.a(fp_cmp.o)
                0x000028a8                __fp_cmp
 .text.avr-libc.fplib
                0x000028f0        0xc c:/program files (x86)/atmel/studio/7.0/toolchain/avr8/avr8-gnu-toolchain/bin/../lib/gcc/avr/5.4.0/../../../../avr/lib/avr5\libm.a(fp_inf.o)
                0x000028f0                __fp_inf
 .text.avr-libc.fplib
                0x000028fc        0x6 c:/program files (x86)/atmel/studio/7.0/toolchain/avr8/avr8-gnu-toolchain/bin/../lib/gcc/avr/5.4.0/../../../../avr/lib/avr5\libm.a(fp_nan.o)
                0x000028fc                __fp_nan
 .text.avr-libc.fplib
                0x00002902        0xe c:/program files (x86)/atmel/studio/7.0/toolchain/avr8/avr8-gnu-toolchain/bin/../lib/gcc/avr/5.4.0/../../../../avr/lib/avr5\libm.a(fp_pscA.o)
                0x00002902                __fp_pscA
 .text.avr-libc.fplib
                0x00002910        0xe c:/program files (x86)/atmel/studio/7.0/toolchain/avr8/avr8-gnu-toolchain/bin/../lib/gcc/avr/5.4.0/../../../../avr/lib/avr5\libm.a(fp_pscB.o)
                0x00002910                __fp_pscB
 .text.avr-libc.fplib
                0x0000291e       0x22 c:/program files (x86)/atmel/studio/7.0/toolchain/avr8/avr8-gnu-toolchain/bin/../lib/gcc/avr/5.4.0/../../../../avr/lib/avr5\libm.a(fp_round.o)
                0x0000291e                __fp_round
 .text.avr-libc.fplib
                0x00002940       0x44 c:/program files (x86)/atmel/studio/7.0/toolchain/avr8/avr8-gnu-toolchain/bin/../lib/gcc/avr/5.4.0/../../../../avr/lib/avr5\libm.a(fp_split3.o)
                0x00002940                __fp_split3
                0x00002950                __fp_splitA
 .text.avr-libc.fplib
                0x00002984        0xe c:/program files (x86)/atmel/studio/7.0/toolchain/avr8/avr8-gnu-toolchain/bin/../lib/gcc/avr/5.4.0/../../../../avr/lib/avr5\libm.a(fp_zero.o)
                0x00002984                __fp_zero
                0x00002986                __fp_szero
 .text.avr-libc.fplib
                0x00002992        0xa c:/program files (x86)/atmel/studio/7.0/toolchain/avr8/avr8-gnu-toolchain/bin/../lib/gcc/avr/5.4.0/../../../../avr/lib/avr5\libm.a(gesf2.o)
                0x00002992                __gesf2
                0x00002992                __gtsf2
 .text.avr-libc.fplib
                0x0000299c        0x8 c:/program files (x86)/atmel/studio/7.0/toolchain/avr8/avr8-gnu-toolchain/bin/../lib/gcc/avr/5.4.0/../../../../avr/lib/avr5\libm.a(mulsf3.o)
                0x0000299c                __mulsf3
 .text.avr-libc.fplib
                0x000029a4       0xd2 c:/program files (x86)/atmel/studio/7.0/toolchain/avr8/avr8-gnu-toolchain/bin/../lib/gcc/avr/5.4.0/../../../../avr/lib/avr5\libm.a(mulsf3x.o)
                0x000029c2                __mulsf3x
                0x000029c8                __mulsf3_pse
 .text.libgcc.div
                0x00002a76       0x28 c:/program files (x86)/atmel/studio/7.0/toolchain/avr8/avr8-gnu-toolchain/bin/../lib/gcc/avr/5.4.0/avr5\libgcc.a(_udivmodhi4.o)
                0x00002a76                __udivmodhi4
 .text.libgcc.builtins
                0x00002a9e       0x32 c:/program files (x86)/atmel/studio/7.0/toolchain/avr8/avr8-gnu-toolchain/bin/../lib/gcc/avr/5.4.0/avr5\libgcc.a(_ashldi3.o)
                0x00002a9e                __ashldi3
 .text.libgcc.builtins
                0x00002ad0       0x3c c:/program files (x86)/atmel/studio/7.0/toolchain/avr8/avr8-gnu-toolchain/bin/../lib/gcc/avr/5.4.0/avr5\libgcc.a(_ashrdi3.o)
                0x00002ad0                __ashrdi3
                0x00002ad4                __lshrdi3
 .text.libgcc   0x00002b0c       0x18 c:/program files (x86)/atmel/studio/7.0/toolchain/avr8/avr8-gnu-toolchain/bin/../lib/gcc/avr/5.4.0/avr5\libgcc.a(_cmpdi2_s8.o)
                0x00002b0c                __cmpdi2_s8
 .text.libgcc   0x00002b24        0xc c:/program files (x86)/atmel/studio/7.0/toolchain/avr8/avr8-gnu-toolchain/bin/../lib/gcc/avr/5.4.0/avr5\libgcc.a(_tablejump2.o)
                0x00002b24                __tablejump2__
 .text.avr-libc
                0x00002b30      0x242 c:/program files (x86)/atmel/studio/7.0/toolchain/avr8/avr8-gnu-toolchain/bin/../lib/gcc/avr/5.4.0/../../../../avr/lib/avr5\libc.a(malloc.o)
                0x00002b30                malloc
                0x00002c60                free
 .text.avr-libc
                0x00002d72       0xb8 c:/program files (x86)/atmel/studio/7.0/toolchain/avr8/avr8-gnu-toolchain/bin/../lib/gcc/avr/5.4.0/../../../../avr/lib/avr5\libc.a(rand.o)
                0x00002e04                rand_r
                0x00002e0a                rand
                0x00002e14                srand
 .text.avr-libc
                0x00002e2a      0x18c c:/program files (x86)/atmel/studio/7.0/toolchain/avr8/avr8-gnu-toolchain/bin/../lib/gcc/avr/5.4.0/../../../../avr/lib/avr5\libc.a(realloc.o)
                0x00002e2a                realloc
 .text.avr-libc
                0x00002fb6       0x12 c:/program files (x86)/atmel/studio/7.0/toolchain/avr8/avr8-gnu-toolchain/bin/../lib/gcc/avr/5.4.0/../../../../avr/lib/avr5\libc.a(memcpy.o)
                0x00002fb6                memcpy
 .text.avr-libc
                0x00002fc8       0x60 c:/program files (x86)/atmel/studio/7.0/toolchain/avr8/avr8-gnu-toolchain/bin/../lib/gcc/avr/5.4.0/../../../../avr/lib/avr5\libc.a(snprintf.o)
                0x00002fc8                snprintf
 .text.avr-libc
                0x00003028      0x3c2 c:/program files (x86)/atmel/studio/7.0/toolchain/avr8/avr8-gnu-toolchain/bin/../lib/gcc/avr/5.4.0/../../../../avr/lib/avr5\libc.a(vfprintf_std.o)
                0x00003028                vfprintf
 .text.avr-libc
                0x000033ea       0x16 c:/program files (x86)/atmel/studio/7.0/toolchain/avr8/avr8-gnu-toolchain/bin/../lib/gcc/avr/5.4.0/../../../../avr/lib/avr5\libc.a(strnlen_P.o)
                0x000033ea                strnlen_P
 .text.avr-libc
                0x00003400       0x16 c:/program files (x86)/atmel/studio/7.0/toolchain/avr8/avr8-gnu-toolchain/bin/../lib/gcc/avr/5.4.0/../../../../avr/lib/avr5\libc.a(strnlen.o)
                0x00003400                strnlen
 .text.avr-libc
                0x00003416       0x78 c:/program files (x86)/atmel/studio/7.0/toolchain/avr8/avr8-gnu-toolchain/bin/../lib/gcc/avr/5.4.0/../../../../avr/lib/avr5\libc.a(fputc.o)
                0x00003416                fputc
 .text.avr-libc
                0x0000348e       0xbc c:/program files (x86)/atmel/studio/7.0/toolchain/avr8/avr8-gnu-toolchain/bin/../lib/gcc/avr/5.4.0/../../../../avr/lib/avr5\libc.a(ultoa_invert.o)
                0x0000348e                __ultoa_invert
 .text.libgcc.div
                0x0000354a       0x2e c:/program files (x86)/atmel/studio/7.0/toolchain/avr8/avr8-gnu-toolchain/bin/../lib/gcc/avr/5.4.0/avr5\libgcc.a(_divmodsi4.o)
                0x0000354a                __divmodsi4
 .text.libgcc.div
                0x00003578       0x10 c:/program files (x86)/atmel/studio/7.0/toolchain/avr8/avr8-gnu-toolchain/bin/../lib/gcc/avr/5.4.0/avr5\libgcc.a(_negsi2.o)
                0x00003578                __negsi2
 .text.libgcc.mul
                0x00003588       0x16 c:/program files (x86)/atmel/studio/7.0/toolchain/avr8/avr8-gnu-toolchain/bin/../lib/gcc/avr/5.4.0/avr5\libgcc.a(_muluhisi3.o)
                0x00003588                __muluhisi3
 .text.libgcc.mul
                0x0000359e       0x10 c:/program files (x86)/atmel/studio/7.0/toolchain/avr8/avr8-gnu-toolchain/bin/../lib/gcc/avr/5.4.0/avr5\libgcc.a(_mulshisi3.o)
                0x0000359e                __mulshisi3
                0x000035a4                __mulohisi3
 .text.libgcc.prologue
                0x000035ae       0x38 c:/program files (x86)/atmel/studio/7.0/toolchain/avr8/avr8-gnu-toolchain/bin/../lib/gcc/avr/5.4.0/avr5\libgcc.a(_prologue.o)
                0x000035ae                __prologue_saves__
 .text.libgcc.prologue
                0x000035e6       0x36 c:/program files (x86)/atmel/studio/7.0/toolchain/avr8/avr8-gnu-toolchain/bin/../lib/gcc/avr/5.4.0/avr5\libgcc.a(_epilogue.o)
                0x000035e6                __epilogue_restores__
 .text.libgcc.div
                0x0000361c       0x44 c:/program files (x86)/atmel/studio/7.0/toolchain/avr8/avr8-gnu-toolchain/bin/../lib/gcc/avr/5.4.0/avr5\libgcc.a(_udivmodsi4.o)
                0x0000361c                __udivmodsi4
 .text.libgcc.mul
                0x00003660       0x1e c:/program files (x86)/atmel/studio/7.0/toolchain/avr8/avr8-gnu-toolchain/bin/../lib/gcc/avr/5.4.0/avr5\libgcc.a(_umulhisi3.o)
                0x00003660                __umulhisi3
                0x0000367e                . = ALIGN (0x2)
 *(.fini9)
 .fini9         0x0000367e        0x0 c:/program files (x86)/atmel/studio/7.0/toolchain/avr8/avr8-gnu-toolchain/bin/../lib/gcc/avr/5.4.0/avr5\libgcc.a(_exit.o)
                0x0000367e                _exit
                0x0000367e                exit
 *(.fini9)
 *(.fini8)
 .fini8         0x0000367e        0x4 c:/program files (x86)/atmel/studio/7.0/toolchain/avr8/avr8-gnu-toolchain/bin/../lib/gcc/avr/5.4.0/../../../../avr/lib/avr5\libc.a(atexit.o)
 *(.fini8)
 *(.fini7)
 *(.fini7)
 *(.fini6)
 .fini6         0x00003682       0x16 c:/program files (x86)/atmel/studio/7.0/toolchain/avr8/avr8-gnu-toolchain/bin/../lib/gcc/avr/5.4.0/avr5\libgcc.a(_dtors.o)
                0x00003682                __do_global_dtors
 *(.fini6)
 *(.fini5)
 *(.fini5)
 *(.fini4)
 *(.fini4)
 *(.fini3)
 *(.fini3)
 *(.fini2)
 *(.fini2)
 *(.fini1)
 *(.fini1)
 *(.fini0)
 .fini0         0x00003698        0x4 c:/program files (x86)/atmel/studio/7.0/toolchain/avr8/avr8-gnu-toolchain/bin/../lib/gcc/avr/5.4.0/avr5\libgcc.a(_exit.o)
 *(.fini0)
                0x0000369c                _etext = .

.data           0x00800100      0x2ba load address 0x0000369c
                0x00800100                PROVIDE (__data_start, .)
 *(.data)
 .data          0x00800100        0x6 c:/program files (x86)/atmel/studio/7.0/toolchain/avr8/avr8-gnu-toolchain/bin/../lib/gcc/avr/5.4.0/../../../../avr/lib/avr5\libc.a(malloc.o)
                0x00800100                __malloc_heap_end
                0x00800102                __malloc_heap_start
                0x00800104                __malloc_margin
 .data          0x00800106        0x4 c:/program files (x86)/atmel/studio/7.0/toolchain/avr8/avr8-gnu-toolchain/bin/../lib/gcc/avr/5.4.0/../../../../avr/lib/avr5\libc.a(rand.o)
 *(.data*)
 .data._ZN6driver10atmega328p4Gpio9myHwPortDE
                0x0080010a        0xa driver/atmega328p/source/gpio.o
                0x0080010a                _ZN6driver10atmega328p4Gpio9myHwPortDE
 .data._ZN6driver10atmega328p4Gpio9myHwPortCE
                0x00800114        0xa driver/atmega328p/source/gpio.o
                0x00800114                _ZN6driver10atmega328p4Gpio9myHwPortCE
 .data._ZN6driver10atmega328p4Gpio9myHwPortBE
                0x0080011e        0xa driver/atmega328p/source/gpio.o
                0x0080011e                _ZN6driver10atmega328p4Gpio9myHwPortBE
 *(.gnu.linkonce.d*)
 *(.rodata)
 *(.rodata*)
 .rodata._ZTVN6driver12AdcInterfaceE
                0x00800128       0x1a driver/atmega328p/source/adc.o
                0x00800128                _ZTVN6driver12AdcInterfaceE
 .rodata._ZTVN6driver10atmega328p3AdcE
                0x00800142       0x1a driver/atmega328p/source/adc.o
                0x00800142                _ZTVN6driver10atmega328p3AdcE
 .rodata._ZTVN6driver15EepromInterfaceE
                0x0080015c       0x14 driver/atmega328p/source/eeprom.o
                0x0080015c                _ZTVN6driver15EepromInterfaceE
 .rodata._ZTVN6driver10atmega328p6EepromE
                0x00800170       0x14 driver/atmega328p/source/eeprom.o
                0x00800170                _ZTVN6driver10atmega328p6EepromE
 .rodata._ZTVN6driver13GpioInterfaceE
                0x00800184       0x14 driver/atmega328p/source/gpio.o
                0x00800184                _ZTVN6driver13GpioInterfaceE
 .rodata._ZTVN6driver10atmega328p4GpioE
                0x00800198       0x14 driver/atmega328p/source/gpio.o
                0x00800198                _ZTVN6driver10atmega328p4GpioE
 .rodata._ZTVN6driver15SerialInterfaceE
                0x008001ac       0x12 driver/atmega328p/source/serial.o
                0x008001ac                _ZTVN6driver15SerialInterfaceE
 .rodata._ZTVN6driver10atmega328p6SerialE
                0x008001be       0x12 driver/atmega328p/source/serial.o
                0x008001be                _ZTVN6driver10atmega328p6SerialE
 .rodata._ZTVN6driver14TimerInterfaceE
                0x008001d0       0x1a driver/atmega328p/source/timer.o
                0x008001d0                _ZTVN6driver14TimerInterfaceE
 .rodata._ZTVN6driver10atmega328p5TimerE
                0x008001ea       0x1a driver/atmega328p/source/timer.o
                0x008001ea                _ZTVN6driver10atmega328p5TimerE
 .rodata._ZTVN6driver17WatchdogInterfaceE
                0x00800204       0x12 driver/atmega328p/source/watchdog.o
                0x00800204                _ZTVN6driver17WatchdogInterfaceE
 .rodata._ZTVN6driver10atmega328p8WatchdogE
                0x00800216       0x12 driver/atmega328p/source/watchdog.o
                0x00800216                _ZTVN6driver10atmega328p8WatchdogE
 .rodata.str1.1
                0x00800228      0x133 main.o
 .rodata._ZTVN2ml6linreg9InterfaceE
                0x0080035b       0x10 main.o
                0x0080035b                _ZTVN2ml6linreg9InterfaceE
 .rodata._ZTVN2ml6linreg6LinRegE
                0x0080036b       0x10 ml/source/ml/linreg/linreg.o
                0x0080036b                _ZTVN2ml6linreg6LinRegE
 .rodata.str1.1
                0x0080037b       0x3f target/source/system.o
 *(.gnu.linkonce.r*)
                0x008003ba                . = ALIGN (0x2)
                0x008003ba                _edata = .
                0x008003ba                PROVIDE (__data_end, .)

.bss            0x008003ba       0x53
                0x008003ba                PROVIDE (__bss_start, .)
 *(.bss)
 .bss           0x008003ba        0x2 c:/program files (x86)/atmel/studio/7.0/toolchain/avr8/avr8-gnu-toolchain/bin/../lib/gcc/avr/5.4.0/../../../../avr/lib/avr5\libc.a(atexit.o)
 *(.bss*)
 .bss._ZZN6driver10atmega328p3Adc11getInstanceEvE10myInstance
                0x008003bc        0x3 driver/atmega328p/source/adc.o
 .bss._ZGVZN6driver10atmega328p3Adc11getInstanceEvE10myInstance
                0x008003bf        0x8 driver/atmega328p/source/adc.o
 .bss._ZZN6driver10atmega328p6Eeprom11getInstanceEvE10myInstance
                0x008003c7        0x3 driver/atmega328p/source/eeprom.o
 .bss._ZGVZN6driver10atmega328p6Eeprom11getInstanceEvE10myInstance
                0x008003ca        0x8 driver/atmega328p/source/eeprom.o
 .bss._ZN6driver10atmega328p12_GLOBAL__N_19GpioParam11pinRegistryE
                0x008003d2        0x4 driver/atmega328p/source/gpio.o
 .bss._ZN6driver10atmega328p12_GLOBAL__N_19GpioParam9callbacksE
                0x008003d6        0x6 driver/atmega328p/source/gpio.o
 .bss._ZZN6driver10atmega328p6Serial11getInstanceEvE10myInstance
                0x008003dc        0x3 driver/atmega328p/source/serial.o
 .bss._ZGVZN6driver10atmega328p6Serial11getInstanceEvE10myInstance
                0x008003df        0x8 driver/atmega328p/source/serial.o
 .bss._ZN6driver10atmega328p12_GLOBAL__N_110TimerParam9callbacksE
                0x008003e7        0x6 driver/atmega328p/source/timer.o
 .bss._ZN6driver10atmega328p12_GLOBAL__N_110TimerParam6timersE
                0x008003ed        0x6 driver/atmega328p/source/timer.o
 .bss._ZZN6driver10atmega328p8Watchdog11getInstanceEvE10myInstance
                0x008003f3        0x5 driver/atmega328p/source/watchdog.o
 .bss._ZGVZN6driver10atmega328p8Watchdog11getInstanceEvE10myInstance
                0x008003f8        0x8 driver/atmega328p/source/watchdog.o
 .bss._ZN12_GLOBAL__N_16serialE
                0x00800400        0x2 main.o
 .bss._ZN12_GLOBAL__N_15mySysE
                0x00800402        0x2 main.o
 .bss._ZZN2ml6linreg12_GLOBAL__N_110initRandomEvE11initialized
                0x00800404        0x1 ml/source/ml/linreg/linreg.o
 *(COMMON)
 COMMON         0x00800405        0x4 c:/program files (x86)/atmel/studio/7.0/toolchain/avr8/avr8-gnu-toolchain/bin/../lib/gcc/avr/5.4.0/../../../../avr/lib/avr5\libc.a(malloc.o)
                0x00800405                __brkval
                0x00800407                __flp
 COMMON         0x00800409        0x4 c:/program files (x86)/atmel/studio/7.0/toolchain/avr8/avr8-gnu-toolchain/bin/../lib/gcc/avr/5.4.0/../../../../avr/lib/avr5\libc.a(system_time.o)
                0x00800409                __system_time
                0x0080040d                PROVIDE (__bss_end, .)
                0x0000369c                __data_load_start = LOADADDR (.data)
                0x00003956                __data_load_end = (__data_load_start + SIZEOF (.data))

.noinit         0x0080040d        0x0
                [!provide]                PROVIDE (__noinit_start, .)
 *(.noinit*)
                [!provide]                PROVIDE (__noinit_end, .)
                0x0080040d                _end = .
                0x0080040d                PROVIDE (__heap_start, .)

.eeprom         0x00810000        0x0
 *(.eeprom*)
                0x00810000                __eeprom_end = .

.fuse
 *(.fuse)
 *(.lfuse)
 *(.hfuse)
 *(.efuse)

.lock
 *(.lock*)

.signature
 *(.signature*)

.user_signatures
 *(.user_signatures*)

.stab
 *(.stab)

.stabstr
 *(.stabstr)

.stab.excl
 *(.stab.excl)

.stab.exclstr
 *(.stab.exclstr)

.stab.index
 *(.stab.index)

.stab.indexstr
 *(.stab.indexstr)

.comment        0x00000000       0x5c
 *(.comment)
 .comment       0x00000000       0x30 driver/atmega328p/source/adc.o
                                 0x31 (size before relaxing)
 .comment       0x00000030       0x31 driver/atmega328p/source/eeprom.o
 .comment       0x00000030       0x31 driver/atmega328p/source/gpio.o
 .comment       0x00000030       0x31 driver/atmega328p/source/serial.o
 .comment       0x00000030       0x31 driver/atmega328p/source/timer.o
 .comment       0x00000030       0x31 driver/atmega328p/source/watchdog.o
 .comment       0x00000030       0x31 main.o
 .comment       0x00000030       0x31 ml/source/ml/linreg/linreg.o
 .comment       0x00000030       0x31 target/source/system.o
 .comment       0x00000030       0x31 utils/source/utils.o
 .comment       0x00000030       0x31 c:/program files (x86)/atmel/studio/7.0/toolchain/avr8/avr8-gnu-toolchain/bin/../lib/gcc/avr/5.4.0/../../../../avr/lib/avr5\libc.a(atexit.o)
 .comment       0x00000030       0x31 c:/program files (x86)/atmel/studio/7.0/toolchain/avr8/avr8-gnu-toolchain/bin/../lib/gcc/avr/5.4.0/../../../../avr/lib/avr5\libc.a(malloc.o)
 .comment       0x00000030       0x31 c:/program files (x86)/atmel/studio/7.0/toolchain/avr8/avr8-gnu-toolchain/bin/../lib/gcc/avr/5.4.0/../../../../avr/lib/avr5\libc.a(rand.o)
 .comment       0x00000030       0x31 c:/program files (x86)/atmel/studio/7.0/toolchain/avr8/avr8-gnu-toolchain/bin/../lib/gcc/avr/5.4.0/../../../../avr/lib/avr5\libc.a(realloc.o)
 .comment       0x00000030       0x31 c:/program files (x86)/atmel/studio/7.0/toolchain/avr8/avr8-gnu-toolchain/bin/../lib/gcc/avr/5.4.0/../../../../avr/lib/avr5\libc.a(snprintf.o)
 .comment       0x00000030       0x31 c:/program files (x86)/atmel/studio/7.0/toolchain/avr8/avr8-gnu-toolchain/bin/../lib/gcc/avr/5.4.0/../../../../avr/lib/avr5\libc.a(time.o)
 .comment       0x00000030       0x2c c:/program files (x86)/atmel/studio/7.0/toolchain/avr8/avr8-gnu-toolchain/bin/../lib/gcc/avr/5.4.0/../../../../avr/lib/avr5\libc.a(vfprintf_std.o)
                                 0x2d (size before relaxing)
 .comment       0x0000005c       0x31 c:/program files (x86)/atmel/studio/7.0/toolchain/avr8/avr8-gnu-toolchain/bin/../lib/gcc/avr/5.4.0/../../../../avr/lib/avr5\libc.a(fputc.o)
 .comment       0x0000005c       0x31 c:/program files (x86)/atmel/studio/7.0/toolchain/avr8/avr8-gnu-toolchain/bin/../lib/gcc/avr/5.4.0/../../../../avr/lib/avr5\libc.a(system_time.o)

.note.gnu.avr.deviceinfo
                0x00000000       0x40
 .note.gnu.avr.deviceinfo
                0x00000000       0x40 C:/Program Files (x86)/Atmel/Studio/7.0/Packs/atmel/ATmega_DFP/1.7.374/gcc/dev/atmega328p/avr5/crtatmega328p.o

.note.gnu.build-id
 *(.note.gnu.build-id)

.debug
 *(.debug)

.line
 *(.line)

.debug_srcinfo
 *(.debug_srcinfo)

.debug_sfnames
 *(.debug_sfnames)

.debug_aranges  0x00000000      0x698
 *(.debug_aranges)
 .debug_aranges
                0x00000000       0x88 driver/atmega328p/source/adc.o
 .debug_aranges
                0x00000088       0x70 driver/atmega328p/source/eeprom.o
 .debug_aranges
                0x000000f8      0x108 driver/atmega328p/source/gpio.o
 .debug_aranges
                0x00000200       0x70 driver/atmega328p/source/serial.o
 .debug_aranges
                0x00000270      0x120 driver/atmega328p/source/timer.o
 .debug_aranges
                0x00000390       0x78 driver/atmega328p/source/watchdog.o
 .debug_aranges
                0x00000408       0xd8 main.o
 .debug_aranges
                0x000004e0       0xe8 ml/source/ml/linreg/linreg.o
 .debug_aranges
                0x000005c8       0x68 target/source/system.o
 .debug_aranges
                0x00000630       0x68 utils/source/utils.o

.debug_pubnames
 *(.debug_pubnames)

.debug_info     0x00000000     0xc2f7
 *(.debug_info .gnu.linkonce.wi.*)
 .debug_info    0x00000000      0x5f4 C:/Program Files (x86)/Atmel/Studio/7.0/Packs/atmel/ATmega_DFP/1.7.374/gcc/dev/atmega328p/avr5/crtatmega328p.o
 .debug_info    0x000005f4     0x1161 driver/atmega328p/source/adc.o
 .debug_info    0x00001755      0xa59 driver/atmega328p/source/eeprom.o
 .debug_info    0x000021ae     0x1e91 driver/atmega328p/source/gpio.o
 .debug_info    0x0000403f      0xac6 driver/atmega328p/source/serial.o
 .debug_info    0x00004b05     0x18fd driver/atmega328p/source/timer.o
 .debug_info    0x00006402      0xc28 driver/atmega328p/source/watchdog.o
 .debug_info    0x0000702a     0x2812 main.o
 .debug_info    0x0000983c     0x1c87 ml/source/ml/linreg/linreg.o
 .debug_info    0x0000b4c3      0xa39 target/source/system.o
 .debug_info    0x0000befc      0x3fb utils/source/utils.o

.debug_abbrev   0x00000000     0x3452
 *(.debug_abbrev)
 .debug_abbrev  0x00000000      0x5a2 C:/Program Files (x86)/Atmel/Studio/7.0/Packs/atmel/ATmega_DFP/1.7.374/gcc/dev/atmega328p/avr5/crtatmega328p.o
 .debug_abbrev  0x000005a2      0x438 driver/atmega328p/source/adc.o
 .debug_abbrev  0x000009da      0x401 driver/atmega328p/source/eeprom.o
 .debug_abbrev  0x00000ddb      0x5d4 driver/atmega328p/source/gpio.o
 .debug_abbrev  0x000013af      0x44b driver/atmega328p/source/serial.o
 .debug_abbrev  0x000017fa      0x5fe driver/atmega328p/source/timer.o
 .debug_abbrev  0x00001df8      0x448 driver/atmega328p/source/watchdog.o
 .debug_abbrev  0x00002240      0x6de main.o
 .debug_abbrev  0x0000291e      0x56c ml/source/ml/linreg/linreg.o
 .debug_abbrev  0x00002e8a      0x3bc target/source/system.o
 .debug_abbrev  0x00003246      0x20c utils/source/utils.o

.debug_line     0x00000000     0x330f
 *(.debug_line .debug_line.* .debug_line_end)
 .debug_line    0x00000000      0x134 C:/Program Files (x86)/Atmel/Studio/7.0/Packs/atmel/ATmega_DFP/1.7.374/gcc/dev/atmega328p/avr5/crtatmega328p.o
 .debug_line    0x00000134      0x354 driver/atmega328p/source/adc.o
 .debug_line    0x00000488      0x2ee driver/atmega328p/source/eeprom.o
 .debug_line    0x00000776      0x850 driver/atmega328p/source/gpio.o
 .debug_line    0x00000fc6      0x2ea driver/atmega328p/source/serial.o
 .debug_line    0x000012b0      0x847 driver/atmega328p/source/timer.o
 .debug_line    0x00001af7      0x38a driver/atmega328p/source/watchdog.o
 .debug_line    0x00001e81      0x7dd main.o
 .debug_line    0x0000265e      0x6dc ml/source/ml/linreg/linreg.o
 .debug_line    0x00002d3a      0x379 target/source/system.o
 .debug_line    0x000030b3      0x25c utils/source/utils.o

.debug_frame    0x00000000     0x1444
 *(.debug_frame)
 .debug_frame   0x00000000       0xfc driver/atmega328p/source/adc.o
 .debug_frame   0x000000fc       0xdc driver/atmega328p/source/eeprom.o
 .debug_frame   0x000001d8      0x408 driver/atmega328p/source/gpio.o
 .debug_frame   0x000005e0       0xd8 driver/atmega328p/source/serial.o
 .debug_frame   0x000006b8      0x3f0 driver/atmega328p/source/timer.o
 .debug_frame   0x00000aa8       0xf8 driver/atmega328p/source/watchdog.o
 .debug_frame   0x00000ba0      0x368 main.o
 .debug_frame   0x00000f08      0x310 ml/source/ml/linreg/linreg.o
 .debug_frame   0x00001218      0x178 target/source/system.o
 .debug_frame   0x00001390       0xb4 utils/source/utils.o

.debug_str      0x00000000     0x4e9a
 *(.debug_str)
 .debug_str     0x00000000      0x208 C:/Program Files (x86)/Atmel/Studio/7.0/Packs/atmel/ATmega_DFP/1.7.374/gcc/dev/atmega328p/avr5/crtatmega328p.o
 .debug_str     0x00000208      0x9fa driver/atmega328p/source/adc.o
                                0xa4c (size before relaxing)
 .debug_str     0x00000c02      0x509 driver/atmega328p/source/eeprom.o
                                0x816 (size before relaxing)
 .debug_str     0x0000110b      0xf8e driver/atmega328p/source/gpio.o
                               0x134c (size before relaxing)
 .debug_str     0x00002099      0x43f driver/atmega328p/source/serial.o
                                0x808 (size before relaxing)
 .debug_str     0x000024d8      0x8b8 driver/atmega328p/source/timer.o
                               0x12c5 (size before relaxing)
 .debug_str     0x00002d90      0x547 driver/atmega328p/source/watchdog.o
                                0x988 (size before relaxing)
 .debug_str     0x000032d7     0x167f main.o
                               0x1a9a (size before relaxing)
 .debug_str     0x00004956      0x360 ml/source/ml/linreg/linreg.o
                               0x1131 (size before relaxing)
 .debug_str     0x00004cb6      0x100 target/source/system.o
                                0x8a2 (size before relaxing)
 .debug_str     0x00004db6       0xe4 utils/source/utils.o
                                0x391 (size before relaxing)

.debug_loc      0x00000000     0x5657
 *(.debug_loc)
 .debug_loc     0x00000000      0x4df driver/atmega328p/source/adc.o
 .debug_loc     0x000004df      0x2f1 driver/atmega328p/source/eeprom.o
 .debug_loc     0x000007d0     0x13ca driver/atmega328p/source/gpio.o
 .debug_loc     0x00001b9a      0x27a driver/atmega328p/source/serial.o
 .debug_loc     0x00001e14      0xe11 driver/atmega328p/source/timer.o
 .debug_loc     0x00002c25      0x4c9 driver/atmega328p/source/watchdog.o
 .debug_loc     0x000030ee      0xf84 main.o
 .debug_loc     0x00004072      0xd05 ml/source/ml/linreg/linreg.o
 .debug_loc     0x00004d77      0x702 target/source/system.o
 .debug_loc     0x00005479      0x1de utils/source/utils.o

.debug_macinfo
 *(.debug_macinfo)

.debug_weaknames
 *(.debug_weaknames)

.debug_funcnames
 *(.debug_funcnames)

.debug_typenames
 *(.debug_typenames)

.debug_varnames
 *(.debug_varnames)

.debug_pubtypes
 *(.debug_pubtypes)

.debug_ranges   0x00000000      0x610
 *(.debug_ranges)
 .debug_ranges  0x00000000       0x78 driver/atmega328p/source/adc.o
 .debug_ranges  0x00000078       0x60 driver/atmega328p/source/eeprom.o
 .debug_ranges  0x000000d8       0xf8 driver/atmega328p/source/gpio.o
 .debug_ranges  0x000001d0       0x60 driver/atmega328p/source/serial.o
 .debug_ranges  0x00000230      0x110 driver/atmega328p/source/timer.o
 .debug_ranges  0x00000340       0x68 driver/atmega328p/source/watchdog.o
 .debug_ranges  0x000003a8       0xc8 main.o
 .debug_ranges  0x00000470       0xf0 ml/source/ml/linreg/linreg.o
 .debug_ranges  0x00000560       0x58 target/source/system.o
 .debug_ranges  0x000005b8       0x58 utils/source/utils.o

.debug_macro
 *(.debug_macro)
OUTPUT(ATmega328P_factory.elf elf32-avr)
LOAD linker stubs
